<html>
<body>
<pre>
<h1>µVision Build Log</h1>
<h2>Tool Versions:</h2>
IDE-Version: ¦ÌVision V5.23.0.0
Copyright (C) 2017 ARM Ltd and ARM Germany GmbH. All rights reserved.
License Information: zoro zeng, zengjf, LIC=MGXEV-PL3M1-RENH3-AIF87-GL92I-PWC58
 
Tool Versions:
Toolchain:       MDK-ARM Professional  Version: 5.23
Toolchain Path:  D:\Software\keil\install\ARM\ARMCC\Bin
C Compiler:      Armcc.exe V5.06 update 4 (build 422)
Assembler:       Armasm.exe V5.06 update 4 (build 422)
Linker/Locator:  ArmLink.exe V5.06 update 4 (build 422)
Library Manager: ArmAr.exe V5.06 update 4 (build 422)
Hex Converter:   FromElf.exe V5.06 update 4 (build 422)
CPU DLL:         SARMCM3.DLL V5.23
Dialog DLL:      DCM.DLL V1.15.0.0
Target DLL:      Segger\JL2CM3.dll V2.99.23.0
Dialog DLL:      TCM.DLL V1.27.0.0
 
<h2>Project:</h2>
C:\Users\aplex\Desktop\U-Boot_Kernel_DTS(20170721)\src\0008_STM32F103ZET6\src\projects\CMSIS\CMSIS.uvprojx
Project File Date:  09/07/2017

<h2>Output:</h2>
*** Using Compiler 'V5.06 update 4 (build 422)', folder: 'D:\Software\keil\install\ARM\ARMCC\Bin'
Rebuild target 'Target'
compiling stderr_USART.c...
compiling main.c...
compiling stdin_USART.c...
compiling stdout_USART.c...
compiling retarget_io.c...
compiling GPIO_STM32F10x.c...
compiling DMA_STM32F10x.c...
assembling startup_stm32f10x_hd.s...
compiling USART_STM32F10x.c...
compiling system_stm32f10x.c...
linking...
Program Size: Code=9216 RO-data=532 RW-data=20 ZI-data=1596  
".\Objects\CMSIS.axf" - 0 Error(s), 0 Warning(s).

<h2>Software Packages used:</h2>

Package Vendor: ARM
                http://www.keil.com/pack/ARM.CMSIS.5.1.0.pack
                ::CMSIS Driver:USART:2.3.0 (API)
                CMSIS (Cortex Microcontroller Software Interface Standard)
   * Component: USART Version: 2.3.0
   * Component: CORE Version: 5.0.2

Package Vendor: Keil
                http://www.keil.com/pack/Keil.ARM_Compiler.1.3.0.pack
                Keil.ARM Compiler::Compiler:I/O:STDIN:User:1.2.0
                Keil ARM Compiler extensions for ARM Compiler 5 and ARM Compiler 6
   * Component: STDIN Variant: User Version: 1.2.0
   * Component: STDERR Variant: User Version: 1.2.0
   * Component: STDOUT Variant: User Version: 1.2.0

Package Vendor: Keil
                http://www.keil.com/pack/Keil.STM32F1xx_DFP.2.2.0.pack
                Keil::Device:GPIO:1.3
                STMicroelectronics STM32F1 Series Device Support, Drivers and Examples
   * Component: GPIO Version: 1.3
   * Component: DMA Version: 1.2
   * Component: Startup Version: 1.0.0
   * Component: USART Version: 2.2

<h2>Collection of Component include folders:</h2>
  .\RTE\Device\STM32F103ZE
  .\RTE\_Target
  D:\Software\keil\install\ARM\PACK\ARM\CMSIS\5.1.0\CMSIS\Driver\Include
  D:\Software\keil\install\ARM\PACK\ARM\CMSIS\5.1.0\CMSIS\Include
  D:\Software\keil\install\ARM\PACK\Keil\STM32F1xx_DFP\2.2.0\Device\Include
  D:\Software\keil\install\ARM\PACK\Keil\STM32F1xx_DFP\2.2.0\RTE_Driver

<h2>Collection of Component Files used:</h2>

   * Component: ::CMSIS Driver:USART:2.3.0 (API)
      Include file:  CMSIS\Driver\Include\Driver_USART.h

   * Component: ARM::CMSIS:CORE:5.0.2

   * Component: Keil.ARM Compiler::Compiler:I/O:STDIN:User:1.2.0
      Source file:   Template\stdin_user.c
      Source file:   Template\stdin_keyboard.c
      Source file:   Source\retarget_io.c
      Source file:   Template\stdin_USART.c

   * Component: Keil.ARM Compiler::Compiler:I/O:STDERR:User:1.2.0
      Source file:   Source\retarget_io.c
      Source file:   Template\stderr_display.c
      Source file:   Template\stderr_USART.c
      Source file:   Template\stderr_user.c

   * Component: Keil.ARM Compiler::Compiler:I/O:STDOUT:User:1.2.0
      Source file:   Source\retarget_io.c
      Source file:   Template\stdout_USART.c
      Source file:   Template\stdout_user.c
      Source file:   Template\stdout_display.c

   * Component: Keil::Device:GPIO:1.3
      Include file:  RTE_Driver\GPIO_STM32F10x.h
      Source file:   RTE_Driver\GPIO_STM32F10x.c

   * Component: Keil::Device:DMA:1.2
      Include file:  RTE_Driver\DMA_STM32F10x.h
      Source file:   RTE_Driver\DMA_STM32F10x.c

   * Component: Keil::Device:Startup:1.0.0
      Source file:   Device\Source\ARM\STM32F1xx_OPT.s
      Source file:   Device\Source\ARM\startup_stm32f10x_hd.s
      Source file:   Device\Source\system_stm32f10x.c
      Include file:  RTE_Driver\Config\RTE_Device.h

   * Component: Keil::CMSIS Driver:USART:2.2
      Source file:   RTE_Driver\USART_STM32F10x.c
Build Time Elapsed:  00:00:01
</pre>
</body>
</html>
