<html>
<body>
<pre>
<h1>µVision Build Log</h1>
<h2>Tool Versions:</h2>
IDE-Version: ¦ÌVision V5.23.0.0
Copyright (C) 2017 ARM Ltd and ARM Germany GmbH. All rights reserved.
License Information: zoro zeng, zengjf, LIC=MGXEV-PL3M1-RENH3-AIF87-GL92I-PWC58
 
Tool Versions:
Toolchain:       MDK-ARM Professional  Version: 5.23
Toolchain Path:  D:\Software\keil\install\ARM\ARMCC\Bin
C Compiler:      Armcc.exe V5.06 update 4 (build 422)
Assembler:       Armasm.exe V5.06 update 4 (build 422)
Linker/Locator:  ArmLink.exe V5.06 update 4 (build 422)
Library Manager: ArmAr.exe V5.06 update 4 (build 422)
Hex Converter:   FromElf.exe V5.06 update 4 (build 422)
CPU DLL:         SARMCM3.DLL V5.23
Dialog DLL:      DCM.DLL V1.15.0.0
Target DLL:      Segger\JL2CM3.dll V2.99.23.0
Dialog DLL:      TCM.DLL V1.27.0.0
 
<h2>Project:</h2>
C:\Users\aplex\Desktop\U-Boot_Kernel_DTS(20170721)\src\0008_STM32F103ZET6\src\projects\CMSIS\CMSIS.uvprojx
Project File Date:  09/07/2017

<h2>Output:</h2>
*** Using Compiler 'V5.06 update 4 (build 422)', folder: 'D:\Software\keil\install\ARM\ARMCC\Bin'
Rebuild target 'Target'
compiling main.c...
compiling stderr_USART.c...
compiling stdin_USART.c...
compiling stdout_USART.c...
compiling retarget_io.c...
compiling stm32f10x_exti.c...
compiling misc.c...
compiling USART_STM32F10x.c...
assembling startup_stm32f10x_hd.s...
compiling DMA_STM32F10x.c...
compiling GPIO_STM32F10x.c...
compiling system_stm32f10x.c...
compiling croutine.c...
compiling freertos_evr.c...
compiling list.c...
compiling event_groups.c...
compiling heap_4.c...
compiling queue.c...
compiling port.c...
compiling timers.c...
compiling tasks.c...
linking...
Program Size: Code=10004 RO-data=532 RW-data=80 ZI-data=1792  
".\Objects\CMSIS.axf" - 0 Error(s), 0 Warning(s).

<h2>Software Packages used:</h2>

Package Vendor: ARM
                http://www.keil.com/pack/ARM.CMSIS.5.1.0.pack
                ::CMSIS Driver:USART:2.3.0 (API)
                CMSIS (Cortex Microcontroller Software Interface Standard)
   * Component: USART Version: 2.3.0
   * Component: CORE Version: 5.0.2

Package Vendor: ARM
                http://www.keil.com/pack/ARM.CMSIS-FreeRTOS.9.1.0.pack
                ARM.FreeRTOS::RTOS:Core:9.0.0
                Bundle of FreeRTOS for Cortex-M and Cortex-A
   * Component: Core Version: 9.0.0
   * Component: Config Variant: FreeRTOS Version: 9.0.0
   * Component: Coroutines Version: 9.0.0
   * Component: Event Groups Version: 9.0.0
   * Component: Timers Version: 9.0.0
   * Component: Heap Variant: Heap_4 Version: 9.0.0

Package Vendor: Keil
                http://www.keil.com/pack/Keil.ARM_Compiler.1.3.0.pack
                Keil.ARM Compiler::Compiler:I/O:STDIN:User:1.2.0
                Keil ARM Compiler extensions for ARM Compiler 5 and ARM Compiler 6
   * Component: STDIN Variant: User Version: 1.2.0
   * Component: STDOUT Variant: User Version: 1.2.0
   * Component: STDERR Variant: User Version: 1.2.0

Package Vendor: Keil
                http://www.keil.com/pack/Keil.STM32F1xx_DFP.2.2.0.pack
                Keil::Device:Startup:1.0.0
                STMicroelectronics STM32F1 Series Device Support, Drivers and Examples
   * Component: Startup Version: 1.0.0
   * Component: Framework Version: 3.5.1
   * Component: EXTI Version: 3.5.0
   * Component: GPIO Version: 1.3
   * Component: USART Version: 2.2
   * Component: DMA Version: 1.2

<h2>Collection of Component include folders:</h2>
  .\RTE\Device\STM32F103ZE
  .\RTE\RTOS
  .\RTE\_Target
  D:\Software\keil\install\ARM\PACK\ARM\CMSIS-FreeRTOS\9.1.0\CMSIS\RTOS2\FreeRTOS\Include
  D:\Software\keil\install\ARM\PACK\ARM\CMSIS-FreeRTOS\9.1.0\Source\include
  D:\Software\keil\install\ARM\PACK\ARM\CMSIS-FreeRTOS\9.1.0\Source\portable\RVDS\ARM_CM3
  D:\Software\keil\install\ARM\PACK\ARM\CMSIS\5.1.0\CMSIS\Driver\Include
  D:\Software\keil\install\ARM\PACK\ARM\CMSIS\5.1.0\CMSIS\Include
  D:\Software\keil\install\ARM\PACK\Keil\STM32F1xx_DFP\2.2.0\Device\Include
  D:\Software\keil\install\ARM\PACK\Keil\STM32F1xx_DFP\2.2.0\Device\StdPeriph_Driver\inc
  D:\Software\keil\install\ARM\PACK\Keil\STM32F1xx_DFP\2.2.0\RTE_Driver

<h2>Collection of Component Files used:</h2>

   * Component: ::CMSIS Driver:USART:2.3.0 (API)
      Include file:  CMSIS\Driver\Include\Driver_USART.h

   * Component: ARM::CMSIS:CORE:5.0.2

   * Component: ARM.FreeRTOS::RTOS:Core:9.0.0
      Include file:  Source\include\queue.h
      Include file:  Source\include\task.h
      Source file:   Source\list.c
      Source file:   Source\queue.c
      Source file:   Source\tasks.c
      Include file:  Source\include\semphr.h
      Source file:   Source\portable\RVDS\ARM_CM3\port.c
      Include file:  Source\include\FreeRTOS.h
      Include file:  CMSIS\RTOS2\FreeRTOS\Include\freertos_evr.h
      Source file:   CMSIS\RTOS2\FreeRTOS\Source\freertos_evr.c

   * Component: ARM.FreeRTOS::RTOS:Config:FreeRTOS:9.0.0
      Include file:  Config\ARMCM\FreeRTOSConfig.h

   * Component: ARM.FreeRTOS::RTOS:Coroutines:9.0.0
      Source file:   Source\croutine.c
      Include file:  Source\include\croutine.h

   * Component: ARM.FreeRTOS::RTOS:Event Groups:9.0.0
      Source file:   Source\event_groups.c
      Include file:  Source\include\event_groups.h

   * Component: ARM.FreeRTOS::RTOS:Timers:9.0.0
      Include file:  Source\include\timers.h
      Source file:   Source\timers.c

   * Component: ARM.FreeRTOS::RTOS:Heap:Heap_4:9.0.0
      Source file:   Source\portable\MemMang\heap_4.c

   * Component: Keil.ARM Compiler::Compiler:I/O:STDIN:User:1.2.0
      Source file:   Template\stdin_user.c
      Source file:   Source\retarget_io.c
      Source file:   Template\stdin_keyboard.c
      Source file:   Template\stdin_USART.c

   * Component: Keil.ARM Compiler::Compiler:I/O:STDOUT:User:1.2.0
      Source file:   Template\stdout_user.c
      Source file:   Source\retarget_io.c
      Source file:   Template\stdout_display.c
      Source file:   Template\stdout_USART.c

   * Component: Keil.ARM Compiler::Compiler:I/O:STDERR:User:1.2.0
      Source file:   Source\retarget_io.c
      Source file:   Template\stderr_USART.c
      Source file:   Template\stderr_display.c
      Source file:   Template\stderr_user.c

   * Component: Keil::Device:Startup:1.0.0
      Source file:   Device\Source\ARM\startup_stm32f10x_hd.s
      Source file:   Device\Source\system_stm32f10x.c
      Include file:  RTE_Driver\Config\RTE_Device.h
      Source file:   Device\Source\ARM\STM32F1xx_OPT.s

   * Component: Keil::Device:StdPeriph Drivers:Framework:3.5.1
      Include file:  Device\StdPeriph_Driver\inc\misc.h
      Source file:   Device\StdPeriph_Driver\src\misc.c
      Source file:   Device\StdPeriph_Driver\templates\stm32f10x_conf.h
      Source file:   Device\StdPeriph_Driver\templates\stm32f10x_it.c
      Include file:  Device\StdPeriph_Driver\templates\stm32f10x_it.h

   * Component: Keil::Device:StdPeriph Drivers:EXTI:3.5.0
      Include file:  Device\StdPeriph_Driver\inc\stm32f10x_exti.h
      Source file:   Device\StdPeriph_Driver\src\stm32f10x_exti.c

   * Component: Keil::Device:GPIO:1.3
      Include file:  RTE_Driver\GPIO_STM32F10x.h
      Source file:   RTE_Driver\GPIO_STM32F10x.c

   * Component: Keil::CMSIS Driver:USART:2.2
      Source file:   RTE_Driver\USART_STM32F10x.c

   * Component: Keil::Device:DMA:1.2
      Include file:  RTE_Driver\DMA_STM32F10x.h
      Source file:   RTE_Driver\DMA_STM32F10x.c
Build Time Elapsed:  00:00:05
</pre>
</body>
</html>
