Component: ARM Compiler 5.06 update 4 (build 422) Tool: armlink [4d35d2]

==============================================================================

Section Cross References

    main.o(i.main) refers to usart1.o(i.USART1_Config) for USART1_Config
    main.o(i.main) refers to led.o(i.LED_GPIO_Config) for LED_GPIO_Config
    main.o(i.main) refers to printfb.o(i.__0printf$bare) for __2printf
    main.o(i.main) refers to system_stm32f10x.o(i.SystemCoreClockUpdate) for SystemCoreClockUpdate
    main.o(i.main) refers to cmsis_os2.o(i.osKernelInitialize) for osKernelInitialize
    main.o(i.main) refers to cmsis_os2.o(i.osThreadNew) for osThreadNew
    main.o(i.main) refers to cmsis_os2.o(i.osKernelStart) for osKernelStart
    main.o(i.main) refers to main.o(i.vTaskLedRed) for vTaskLedRed
    main.o(i.main) refers to main.o(i.vTaskDebugPort) for vTaskDebugPort
    main.o(i.vTaskDebugPort) refers to _scanf_str.o(.text) for _scanf_string
    main.o(i.vTaskDebugPort) refers to __0scanf.o(.text) for __0scanf
    main.o(i.vTaskDebugPort) refers to strlen.o(.text) for strlen
    main.o(i.vTaskDebugPort) refers to memseta.o(.text) for __aeabi_memclr
    main.o(i.vTaskDebugPort) refers to main.o(.bss) for str
    main.o(i.vTaskLedRed) refers to led.o(i.led_toggle) for led_toggle
    main.o(i.vTaskLedRed) refers to delay.o(i.Delay) for Delay
    led.o(i.LED_GPIO_Config) refers to stm32f10x_rcc.o(i.RCC_APB2PeriphClockCmd) for RCC_APB2PeriphClockCmd
    led.o(i.LED_GPIO_Config) refers to stm32f10x_gpio.o(i.GPIO_Init) for GPIO_Init
    led.o(i.led_toggle) refers to stm32f10x_gpio.o(i.GPIO_ReadOutputDataBit) for GPIO_ReadOutputDataBit
    led.o(i.led_toggle) refers to stm32f10x_gpio.o(i.GPIO_ResetBits) for GPIO_ResetBits
    led.o(i.led_toggle) refers to stm32f10x_gpio.o(i.GPIO_SetBits) for GPIO_SetBits
    usart1.o(i.USART1_Config) refers to stm32f10x_rcc.o(i.RCC_APB2PeriphClockCmd) for RCC_APB2PeriphClockCmd
    usart1.o(i.USART1_Config) refers to stm32f10x_gpio.o(i.GPIO_Init) for GPIO_Init
    usart1.o(i.USART1_Config) refers to stm32f10x_usart.o(i.USART_Init) for USART_Init
    usart1.o(i.USART1_Config) refers to stm32f10x_usart.o(i.USART_Cmd) for USART_Cmd
    usart1.o(i.fgetc) refers to stm32f10x_usart.o(i.USART_GetFlagStatus) for USART_GetFlagStatus
    usart1.o(i.fgetc) refers to led.o(i.led_toggle) for led_toggle
    usart1.o(i.fgetc) refers to stm32f10x_usart.o(i.USART_ReceiveData) for USART_ReceiveData
    usart1.o(i.fgetc) refers to usart1.o(i.fputc) for fputc
    usart1.o(i.fputc) refers to stm32f10x_usart.o(i.USART_SendData) for USART_SendData
    usart1.o(i.fputc) refers to stm32f10x_usart.o(i.USART_GetFlagStatus) for USART_GetFlagStatus
    usart1.o(i.fputc) refers to led.o(i.led_toggle) for led_toggle
    cmsis_os2.o(i.SysTick_Handler) refers to port.o(i.xPortSysTickHandler) for xPortSysTickHandler
    cmsis_os2.o(i.TimerCallback) refers to timers.o(i.pvTimerGetTimerID) for pvTimerGetTimerID
    cmsis_os2.o(i.osDelay) refers to cmsis_os2.o(i.__get_IPSR) for __get_IPSR
    cmsis_os2.o(i.osDelay) refers to cmsis_os2.o(i.__get_PRIMASK) for __get_PRIMASK
    cmsis_os2.o(i.osDelay) refers to cmsis_os2.o(i.__get_BASEPRI) for __get_BASEPRI
    cmsis_os2.o(i.osDelay) refers to tasks.o(i.vTaskDelay) for vTaskDelay
    cmsis_os2.o(i.osDelay) refers to cmsis_os2.o(.data) for KernelState
    cmsis_os2.o(i.osDelayUntil) refers to cmsis_os2.o(i.__get_IPSR) for __get_IPSR
    cmsis_os2.o(i.osDelayUntil) refers to cmsis_os2.o(i.__get_PRIMASK) for __get_PRIMASK
    cmsis_os2.o(i.osDelayUntil) refers to cmsis_os2.o(i.__get_BASEPRI) for __get_BASEPRI
    cmsis_os2.o(i.osDelayUntil) refers to tasks.o(i.xTaskGetTickCount) for xTaskGetTickCount
    cmsis_os2.o(i.osDelayUntil) refers to tasks.o(i.vTaskDelayUntil) for vTaskDelayUntil
    cmsis_os2.o(i.osDelayUntil) refers to cmsis_os2.o(.data) for KernelState
    cmsis_os2.o(i.osEventFlagsClear) refers to cmsis_os2.o(i.__get_IPSR) for __get_IPSR
    cmsis_os2.o(i.osEventFlagsClear) refers to cmsis_os2.o(i.__get_PRIMASK) for __get_PRIMASK
    cmsis_os2.o(i.osEventFlagsClear) refers to cmsis_os2.o(i.__get_BASEPRI) for __get_BASEPRI
    cmsis_os2.o(i.osEventFlagsClear) refers to event_groups.o(i.xEventGroupGetBitsFromISR) for xEventGroupGetBitsFromISR
    cmsis_os2.o(i.osEventFlagsClear) refers to event_groups.o(i.xEventGroupClearBitsFromISR) for xEventGroupClearBitsFromISR
    cmsis_os2.o(i.osEventFlagsClear) refers to event_groups.o(i.xEventGroupClearBits) for xEventGroupClearBits
    cmsis_os2.o(i.osEventFlagsClear) refers to cmsis_os2.o(.data) for KernelState
    cmsis_os2.o(i.osEventFlagsDelete) refers to cmsis_os2.o(i.__get_IPSR) for __get_IPSR
    cmsis_os2.o(i.osEventFlagsDelete) refers to cmsis_os2.o(i.__get_PRIMASK) for __get_PRIMASK
    cmsis_os2.o(i.osEventFlagsDelete) refers to cmsis_os2.o(i.__get_BASEPRI) for __get_BASEPRI
    cmsis_os2.o(i.osEventFlagsDelete) refers to event_groups.o(i.vEventGroupDelete) for vEventGroupDelete
[...]
    fgetc_b.o(.text) refers (Special) to iusesemig.o(.text) for __I$use$semihosting$fgetc
    fgetc_b.o(.text) refers (Special) to semi.o(.text) for __semihosting_library_function
    fgetc_b.o(.text) refers to fgetc_b.o(.data) for .data
    fgetc_b.o(.data) refers (Special) to iusesemig.o(.text) for __I$use$semihosting$fgetc
    fgetc_b.o(.data) refers (Special) to semi.o(.text) for __semihosting_library_function
    scanf_char.o(.text) refers to _scanf.o(.text) for __vfscanf
    scanf_char.o(.text) refers to isspace_c.o(.text) for isspace
    depilogue.o(.text) refers to llshl.o(.text) for __aeabi_llsl
    depilogue.o(.text) refers to llushr.o(.text) for __aeabi_llsr
    isspace_c.o(.text) refers to ctype_c.o(.text) for __ctype_lookup
    _scanf.o(.text) refers (Weak) to _scanf_str.o(.text) for _scanf_string
    ctype_c.o(.text) refers to ctype_c.o(.constdata) for .constdata


==============================================================================

Removing Unused input sections from the image.

    Removing main.o(.rev16_text), (4 bytes).
    Removing main.o(.revsh_text), (4 bytes).
    Removing main.o(.rrx_text), (6 bytes).
    Removing delay.o(.rev16_text), (4 bytes).
    Removing delay.o(.revsh_text), (4 bytes).
    Removing delay.o(.rrx_text), (6 bytes).
    Removing led.o(.rev16_text), (4 bytes).
    Removing led.o(.revsh_text), (4 bytes).
    Removing led.o(.rrx_text), (6 bytes).
    Removing usart1.o(.rev16_text), (4 bytes).
    Removing usart1.o(.revsh_text), (4 bytes).
    Removing usart1.o(.rrx_text), (6 bytes).
    Removing clib_arm.o(.rev16_text), (4 bytes).
    Removing clib_arm.o(.revsh_text), (4 bytes).
    Removing clib_arm.o(.rrx_text), (6 bytes).
    Removing cmsis_os2.o(.rev16_text), (4 bytes).
    Removing cmsis_os2.o(.revsh_text), (4 bytes).
    Removing cmsis_os2.o(.rrx_text), (6 bytes).
    Removing cmsis_os2.o(i.TimerCallback), (22 bytes).
    Removing cmsis_os2.o(i.osDelay), (56 bytes).
    Removing cmsis_os2.o(i.osDelayUntil), (60 bytes).
    Removing cmsis_os2.o(i.osEventFlagsClear), (88 bytes).
    Removing cmsis_os2.o(i.osEventFlagsDelete), (60 bytes).
    Removing cmsis_os2.o(i.osEventFlagsGet), (64 bytes).
    Removing cmsis_os2.o(i.osEventFlagsNew), (96 bytes).
    Removing cmsis_os2.o(i.osEventFlagsSet), (88 bytes).
    Removing cmsis_os2.o(i.osEventFlagsWait), (164 bytes).
    Removing cmsis_os2.o(i.osKernelGetInfo), (104 bytes).
    Removing cmsis_os2.o(i.osKernelGetState), (84 bytes).
    Removing cmsis_os2.o(i.osKernelGetSysTimerCount), (66 bytes).
    Removing cmsis_os2.o(i.osKernelGetSysTimerFreq), (12 bytes).
    Removing cmsis_os2.o(i.osKernelGetTickCount), (52 bytes).
    Removing cmsis_os2.o(i.osKernelGetTickFreq), (6 bytes).
    Removing cmsis_os2.o(i.osKernelLock), (80 bytes).
    Removing cmsis_os2.o(i.osKernelRestoreLock), (112 bytes).
    Removing cmsis_os2.o(i.osKernelUnlock), (92 bytes).
    Removing cmsis_os2.o(i.osMessageQueueDelete), (60 bytes).
    Removing cmsis_os2.o(i.osMessageQueueGet), (120 bytes).
    Removing cmsis_os2.o(i.osMessageQueueGetCapacity), (14 bytes).
    Removing cmsis_os2.o(i.osMessageQueueGetCount), (64 bytes).
    Removing cmsis_os2.o(i.osMessageQueueGetMsgSize), (14 bytes).
    Removing cmsis_os2.o(i.osMessageQueueGetSpace), (100 bytes).
    Removing cmsis_os2.o(i.osMessageQueueNew), (156 bytes).
    Removing cmsis_os2.o(i.osMessageQueuePut), (124 bytes).
    Removing cmsis_os2.o(i.osMessageQueueReset), (64 bytes).
    Removing cmsis_os2.o(i.osMutexAcquire), (128 bytes).
    Removing cmsis_os2.o(i.osMutexDelete), (64 bytes).
    Removing cmsis_os2.o(i.osMutexGetOwner), (56 bytes).
    Removing cmsis_os2.o(i.osMutexNew), (184 bytes).
    Removing cmsis_os2.o(i.osMutexRelease), (104 bytes).
    Removing cmsis_os2.o(i.osSemaphoreAcquire), (104 bytes).
    Removing cmsis_os2.o(i.osSemaphoreDelete), (60 bytes).
    Removing cmsis_os2.o(i.osSemaphoreGetCount), (64 bytes).
    Removing cmsis_os2.o(i.osSemaphoreNew), (208 bytes).
    Removing cmsis_os2.o(i.osSemaphoreRelease), (84 bytes).
    Removing cmsis_os2.o(i.osThreadEnumerate), (132 bytes).
    Removing cmsis_os2.o(i.osThreadExit), (10 bytes).
    Removing cmsis_os2.o(i.osThreadFlagsClear), (112 bytes).
    Removing cmsis_os2.o(i.osThreadFlagsGet), (72 bytes).
    Removing cmsis_os2.o(i.osThreadFlagsSet), (144 bytes).
    Removing cmsis_os2.o(i.osThreadFlagsWait), (180 bytes).
    Removing cmsis_os2.o(i.osThreadGetCount), (48 bytes).
    Removing cmsis_os2.o(i.osThreadGetId), (48 bytes).
    Removing cmsis_os2.o(i.osThreadGetName), (52 bytes).
    Removing cmsis_os2.o(i.osThreadGetPriority), (56 bytes).
    Removing cmsis_os2.o(i.osThreadGetStackSpace), (52 bytes).
    Removing cmsis_os2.o(i.osThreadGetState), (96 bytes).
    Removing cmsis_os2.o(i.osThreadResume), (60 bytes).
    Removing cmsis_os2.o(i.osThreadSetPriority), (72 bytes).
    Removing cmsis_os2.o(i.osThreadSuspend), (60 bytes).
    Removing cmsis_os2.o(i.osThreadTerminate), (80 bytes).
    Removing cmsis_os2.o(i.osThreadYield), (64 bytes).
    Removing cmsis_os2.o(i.osTimerDelete), (96 bytes).
    Removing cmsis_os2.o(i.osTimerGetName), (52 bytes).
    Removing cmsis_os2.o(i.osTimerIsRunning), (52 bytes).
    Removing cmsis_os2.o(i.osTimerNew), (204 bytes).
    Removing cmsis_os2.o(i.osTimerStart), (84 bytes).
    Removing cmsis_os2.o(i.osTimerStop), (96 bytes).
    Removing os_systick.o(.rev16_text), (4 bytes).
    Removing os_systick.o(.revsh_text), (4 bytes).
    Removing os_systick.o(.rrx_text), (6 bytes).
    Removing os_systick.o(i.OS_Tick_AcknowledgeIRQ), (10 bytes).
    Removing os_systick.o(i.OS_Tick_Disable), (52 bytes).
    Removing os_systick.o(i.OS_Tick_Enable), (48 bytes).
    Removing os_systick.o(i.OS_Tick_GetClock), (12 bytes).
    Removing os_systick.o(i.OS_Tick_GetCount), (12 bytes).
    Removing os_systick.o(i.OS_Tick_GetIRQn), (6 bytes).
    Removing os_systick.o(i.OS_Tick_GetInterval), (10 bytes).
    Removing os_systick.o(i.OS_Tick_GetOverflow), (12 bytes).
    Removing os_systick.o(i.OS_Tick_Setup), (112 bytes).
    Removing os_systick.o(.data), (1 bytes).
    Removing misc.o(.rev16_text), (4 bytes).
    Removing misc.o(.revsh_text), (4 bytes).
    Removing misc.o(.rrx_text), (6 bytes).
    Removing misc.o(i.NVIC_Init), (112 bytes).
    Removing misc.o(i.NVIC_PriorityGroupConfig), (20 bytes).
    Removing misc.o(i.NVIC_SetVectorTable), (20 bytes).
    Removing misc.o(i.NVIC_SystemLPConfig), (32 bytes).
    Removing misc.o(i.SysTick_CLKSourceConfig), (40 bytes).
    Removing stm32f10x_exti.o(.rev16_text), (4 bytes).
    Removing stm32f10x_exti.o(.revsh_text), (4 bytes).
    Removing stm32f10x_exti.o(.rrx_text), (6 bytes).
    Removing stm32f10x_exti.o(i.EXTI_ClearFlag), (12 bytes).
    Removing stm32f10x_exti.o(i.EXTI_ClearITPendingBit), (12 bytes).
    Removing stm32f10x_exti.o(i.EXTI_DeInit), (36 bytes).
    Removing stm32f10x_exti.o(i.EXTI_GenerateSWInterrupt), (16 bytes).
    Removing stm32f10x_exti.o(i.EXTI_GetFlagStatus), (24 bytes).
    Removing stm32f10x_exti.o(i.EXTI_GetITStatus), (40 bytes).
    Removing stm32f10x_exti.o(i.EXTI_Init), (148 bytes).
    Removing stm32f10x_exti.o(i.EXTI_StructInit), (16 bytes).
    Removing stm32f10x_gpio.o(.rev16_text), (4 bytes).
    Removing stm32f10x_gpio.o(.revsh_text), (4 bytes).
    Removing stm32f10x_gpio.o(.rrx_text), (6 bytes).
    Removing stm32f10x_gpio.o(i.GPIO_AFIODeInit), (20 bytes).
    Removing stm32f10x_gpio.o(i.GPIO_DeInit), (200 bytes).
    Removing stm32f10x_gpio.o(i.GPIO_ETH_MediaInterfaceConfig), (12 bytes).
    Removing stm32f10x_gpio.o(i.GPIO_EXTILineConfig), (64 bytes).
    Removing stm32f10x_gpio.o(i.GPIO_EventOutputCmd), (12 bytes).
    Removing stm32f10x_gpio.o(i.GPIO_EventOutputConfig), (32 bytes).
    Removing stm32f10x_gpio.o(i.GPIO_PinLockConfig), (18 bytes).
    Removing stm32f10x_gpio.o(i.GPIO_PinRemapConfig), (144 bytes).
    Removing stm32f10x_gpio.o(i.GPIO_ReadInputData), (8 bytes).
    Removing stm32f10x_gpio.o(i.GPIO_ReadInputDataBit), (18 bytes).
    Removing stm32f10x_gpio.o(i.GPIO_ReadOutputData), (8 bytes).
    Removing stm32f10x_gpio.o(i.GPIO_StructInit), (16 bytes).
    Removing stm32f10x_gpio.o(i.GPIO_Write), (4 bytes).
    Removing stm32f10x_gpio.o(i.GPIO_WriteBit), (10 bytes).
    Removing stm32f10x_rcc.o(.rev16_text), (4 bytes).
    Removing stm32f10x_rcc.o(.revsh_text), (4 bytes).
    Removing stm32f10x_rcc.o(.rrx_text), (6 bytes).
    Removing stm32f10x_rcc.o(i.RCC_ADCCLKConfig), (24 bytes).
    Removing stm32f10x_rcc.o(i.RCC_AHBPeriphClockCmd), (32 bytes).
    Removing stm32f10x_rcc.o(i.RCC_APB1PeriphClockCmd), (32 bytes).
    Removing stm32f10x_rcc.o(i.RCC_APB1PeriphResetCmd), (32 bytes).
    Removing stm32f10x_rcc.o(i.RCC_APB2PeriphResetCmd), (32 bytes).
    Removing stm32f10x_rcc.o(i.RCC_AdjustHSICalibrationValue), (24 bytes).
    Removing stm32f10x_rcc.o(i.RCC_BackupResetCmd), (12 bytes).
    Removing stm32f10x_rcc.o(i.RCC_ClearFlag), (20 bytes).
    Removing stm32f10x_rcc.o(i.RCC_ClearITPendingBit), (12 bytes).
    Removing stm32f10x_rcc.o(i.RCC_ClockSecuritySystemCmd), (12 bytes).
    Removing stm32f10x_rcc.o(i.RCC_DeInit), (76 bytes).
    Removing stm32f10x_rcc.o(i.RCC_GetFlagStatus), (60 bytes).
    Removing stm32f10x_rcc.o(i.RCC_GetITStatus), (24 bytes).
    Removing stm32f10x_rcc.o(i.RCC_GetSYSCLKSource), (16 bytes).
    Removing stm32f10x_rcc.o(i.RCC_HCLKConfig), (24 bytes).
    Removing stm32f10x_rcc.o(i.RCC_HSEConfig), (76 bytes).
    Removing stm32f10x_rcc.o(i.RCC_HSICmd), (12 bytes).
    Removing stm32f10x_rcc.o(i.RCC_ITConfig), (32 bytes).
    Removing stm32f10x_rcc.o(i.RCC_LSEConfig), (52 bytes).
    Removing stm32f10x_rcc.o(i.RCC_LSICmd), (12 bytes).
    Removing stm32f10x_rcc.o(i.RCC_MCOConfig), (12 bytes).
    Removing stm32f10x_rcc.o(i.RCC_PCLK1Config), (24 bytes).
    Removing stm32f10x_rcc.o(i.RCC_PCLK2Config), (24 bytes).
    Removing stm32f10x_rcc.o(i.RCC_PLLCmd), (12 bytes).
    Removing stm32f10x_rcc.o(i.RCC_PLLConfig), (28 bytes).
    Removing stm32f10x_rcc.o(i.RCC_RTCCLKCmd), (12 bytes).
    Removing stm32f10x_rcc.o(i.RCC_RTCCLKConfig), (16 bytes).
    Removing stm32f10x_rcc.o(i.RCC_SYSCLKConfig), (24 bytes).
    Removing stm32f10x_rcc.o(i.RCC_USBCLKConfig), (12 bytes).
    Removing stm32f10x_rcc.o(i.RCC_WaitForHSEStartUp), (56 bytes).
    Removing stm32f10x_usart.o(.rev16_text), (4 bytes).
    Removing stm32f10x_usart.o(.revsh_text), (4 bytes).
    Removing stm32f10x_usart.o(.rrx_text), (6 bytes).
    Removing stm32f10x_usart.o(i.USART_ClearFlag), (18 bytes).
    Removing stm32f10x_usart.o(i.USART_ClearITPendingBit), (30 bytes).
    Removing stm32f10x_usart.o(i.USART_ClockInit), (34 bytes).
    Removing stm32f10x_usart.o(i.USART_ClockStructInit), (12 bytes).
    Removing stm32f10x_usart.o(i.USART_DMACmd), (18 bytes).
    Removing stm32f10x_usart.o(i.USART_DeInit), (156 bytes).
    Removing stm32f10x_usart.o(i.USART_GetITStatus), (84 bytes).
    Removing stm32f10x_usart.o(i.USART_HalfDuplexCmd), (24 bytes).
    Removing stm32f10x_usart.o(i.USART_ITConfig), (74 bytes).
    Removing stm32f10x_usart.o(i.USART_IrDACmd), (24 bytes).
    Removing stm32f10x_usart.o(i.USART_IrDAConfig), (18 bytes).
    Removing stm32f10x_usart.o(i.USART_LINBreakDetectLengthConfig), (18 bytes).
    Removing stm32f10x_usart.o(i.USART_LINCmd), (24 bytes).
    Removing stm32f10x_usart.o(i.USART_OneBitMethodCmd), (24 bytes).
    Removing stm32f10x_usart.o(i.USART_OverSampling8Cmd), (22 bytes).
    Removing stm32f10x_usart.o(i.USART_ReceiverWakeUpCmd), (24 bytes).
    Removing stm32f10x_usart.o(i.USART_SendBreak), (10 bytes).
    Removing stm32f10x_usart.o(i.USART_SetAddress), (18 bytes).
    Removing stm32f10x_usart.o(i.USART_SetGuardTime), (16 bytes).
    Removing stm32f10x_usart.o(i.USART_SetPrescaler), (16 bytes).
    Removing stm32f10x_usart.o(i.USART_SmartCardCmd), (24 bytes).
    Removing stm32f10x_usart.o(i.USART_SmartCardNACKCmd), (24 bytes).
    Removing stm32f10x_usart.o(i.USART_StructInit), (24 bytes).
    Removing stm32f10x_usart.o(i.USART_WakeUpConfig), (18 bytes).
    Removing startup_stm32f10x_hd.o(HEAP), (512 bytes).
    Removing system_stm32f10x.o(.rev16_text), (4 bytes).
    Removing system_stm32f10x.o(.revsh_text), (4 bytes).
    Removing system_stm32f10x.o(.rrx_text), (6 bytes).
    Removing freertos_evr.o(.rev16_text), (4 bytes).
    Removing freertos_evr.o(.revsh_text), (4 bytes).
    Removing freertos_evr.o(.rrx_text), (6 bytes).
    Removing event_groups.o(.rev16_text), (4 bytes).
    Removing event_groups.o(.revsh_text), (4 bytes).
    Removing event_groups.o(.rrx_text), (6 bytes).
    Removing event_groups.o(i.prvTestWaitCondition), (30 bytes).
    Removing event_groups.o(i.uxEventGroupGetNumber), (14 bytes).
    Removing event_groups.o(i.vEventGroupClearBitsCallback), (16 bytes).
    Removing event_groups.o(i.vEventGroupDelete), (46 bytes).
    Removing event_groups.o(i.vEventGroupSetBitsCallback), (16 bytes).
    Removing event_groups.o(i.xEventGroupClearBits), (32 bytes).
    Removing event_groups.o(i.xEventGroupClearBitsFromISR), (28 bytes).
    Removing event_groups.o(i.xEventGroupCreate), (30 bytes).
    Removing event_groups.o(i.xEventGroupCreateStatic), (26 bytes).
    Removing event_groups.o(i.xEventGroupGetBitsFromISR), (44 bytes).
    Removing event_groups.o(i.xEventGroupSetBits), (146 bytes).
    Removing event_groups.o(i.xEventGroupSetBitsFromISR), (36 bytes).
    Removing event_groups.o(i.xEventGroupSync), (164 bytes).
    Removing event_groups.o(i.xEventGroupWaitBits), (200 bytes).
    Removing list.o(.rev16_text), (4 bytes).
    Removing list.o(.revsh_text), (4 bytes).
    Removing list.o(.rrx_text), (6 bytes).
    Removing heap_4.o(.rev16_text), (4 bytes).
    Removing heap_4.o(.revsh_text), (4 bytes).
    Removing heap_4.o(.rrx_text), (6 bytes).
    Removing heap_4.o(i.vPortInitialiseBlocks), (2 bytes).
    Removing heap_4.o(i.xPortGetFreeHeapSize), (12 bytes).
    Removing heap_4.o(i.xPortGetMinimumEverFreeHeapSize), (12 bytes).
    Removing port.o(.rev16_text), (4 bytes).
    Removing port.o(.revsh_text), (4 bytes).
    Removing port.o(.rrx_text), (6 bytes).
    Removing port.o(i.vPortEndScheduler), (2 bytes).
    Removing queue.o(.rev16_text), (4 bytes).
    Removing queue.o(.revsh_text), (4 bytes).
    Removing queue.o(.rrx_text), (6 bytes).
    Removing queue.o(i.prvInitialiseMutex), (28 bytes).
    Removing queue.o(i.ucQueueGetQueueType), (8 bytes).
    Removing queue.o(i.uxQueueGetQueueNumber), (6 bytes).
    Removing queue.o(i.uxQueueMessagesWaiting), (18 bytes).
    Removing queue.o(i.uxQueueMessagesWaitingFromISR), (6 bytes).
    Removing queue.o(i.uxQueueSpacesAvailable), (24 bytes).
    Removing queue.o(i.vQueueDelete), (20 bytes).
    Removing queue.o(i.vQueueSetQueueNumber), (4 bytes).
    Removing queue.o(i.xQueueCreateCountingSemaphore), (26 bytes).
    Removing queue.o(i.xQueueCreateCountingSemaphoreStatic), (34 bytes).
    Removing queue.o(i.xQueueCreateMutex), (34 bytes).
    Removing queue.o(i.xQueueCreateMutexStatic), (42 bytes).
    Removing queue.o(i.xQueueGenericCreate), (62 bytes).
    Removing queue.o(i.xQueueGetMutexHolder), (26 bytes).
    Removing queue.o(i.xQueueGiveFromISR), (120 bytes).
    Removing queue.o(i.xQueueGiveMutexRecursive), (48 bytes).
    Removing queue.o(i.xQueueIsQueueEmptyFromISR), (14 bytes).
    Removing queue.o(i.xQueueIsQueueFullFromISR), (18 bytes).
    Removing queue.o(i.xQueuePeekFromISR), (74 bytes).
    Removing queue.o(i.xQueueReceiveFromISR), (130 bytes).
    Removing queue.o(i.xQueueTakeMutexRecursive), (58 bytes).
    Removing tasks.o(.rev16_text), (4 bytes).
    Removing tasks.o(.revsh_text), (4 bytes).
    Removing tasks.o(.rrx_text), (6 bytes).
    Removing tasks.o(i.eTaskGetState), (108 bytes).
    Removing tasks.o(i.pcTaskGetName), (24 bytes).
    Removing tasks.o(i.prvListTasksWithinSingleList), (106 bytes).
    Removing tasks.o(i.prvTaskCheckFreeStackSpace), (22 bytes).
    Removing tasks.o(i.prvTaskIsTaskSuspended), (64 bytes).
    Removing tasks.o(i.ulTaskNotifyTake), (116 bytes).
    Removing tasks.o(i.uxTaskGetNumberOfTasks), (12 bytes).
    Removing tasks.o(i.uxTaskGetStackHighWaterMark), (40 bytes).
    Removing tasks.o(i.uxTaskGetSystemState), (176 bytes).
    Removing tasks.o(i.uxTaskGetTaskNumber), (14 bytes).
    Removing tasks.o(i.uxTaskPriorityGet), (36 bytes).
    Removing tasks.o(i.uxTaskPriorityGetFromISR), (56 bytes).
    Removing tasks.o(i.uxTaskResetEventItemValue), (28 bytes).
    Removing tasks.o(i.vTaskDelay), (52 bytes).
    Removing tasks.o(i.vTaskDelayUntil), (116 bytes).
    Removing tasks.o(i.vTaskDelete), (160 bytes).
    Removing tasks.o(i.vTaskEndScheduler), (36 bytes).
    Removing tasks.o(i.vTaskGetInfo), (120 bytes).
    Removing tasks.o(i.vTaskNotifyGiveFromISR), (176 bytes).
    Removing tasks.o(i.vTaskPlaceOnUnorderedEventList), (44 bytes).
    Removing tasks.o(i.vTaskPrioritySet), (224 bytes).
    Removing tasks.o(i.vTaskResume), (120 bytes).
    Removing tasks.o(i.vTaskSetTaskNumber), (8 bytes).
    Removing tasks.o(i.vTaskSuspend), (148 bytes).
    Removing tasks.o(i.xTaskGenericNotify), (192 bytes).
    Removing tasks.o(i.xTaskGenericNotifyFromISR), (252 bytes).
    Removing tasks.o(i.xTaskGetCurrentTaskHandle), (12 bytes).
    Removing tasks.o(i.xTaskGetTickCountFromISR), (12 bytes).
    Removing tasks.o(i.xTaskNotifyStateClear), (52 bytes).
    Removing tasks.o(i.xTaskNotifyWait), (160 bytes).
    Removing tasks.o(i.xTaskRemoveFromUnorderedEventList), (108 bytes).
    Removing tasks.o(i.xTaskResumeFromISR), (148 bytes).
    Removing timers.o(.rev16_text), (4 bytes).
    Removing timers.o(.revsh_text), (4 bytes).
    Removing timers.o(.rrx_text), (6 bytes).
    Removing timers.o(i.pcTimerGetName), (8 bytes).
    Removing timers.o(i.prvInitialiseNewTimer), (46 bytes).
    Removing timers.o(i.pvTimerGetTimerID), (20 bytes).
    Removing timers.o(i.vTimerSetTimerID), (20 bytes).
    Removing timers.o(i.xTimerCreate), (54 bytes).
    Removing timers.o(i.xTimerCreateStatic), (48 bytes).
    Removing timers.o(i.xTimerGetExpiryTime), (8 bytes).
    Removing timers.o(i.xTimerGetPeriod), (8 bytes).
    Removing timers.o(i.xTimerGetTimerDaemonTaskHandle), (12 bytes).
    Removing timers.o(i.xTimerIsTimerActive), (32 bytes).
    Removing timers.o(i.xTimerPendFunctionCall), (52 bytes).
    Removing timers.o(i.xTimerPendFunctionCallFromISR), (52 bytes).
    Removing croutine.o(.rev16_text), (4 bytes).
    Removing croutine.o(.revsh_text), (4 bytes).
    Removing croutine.o(.rrx_text), (6 bytes).
    Removing dadd.o(.text), (334 bytes).
    Removing dmul.o(.text), (228 bytes).
    Removing ddiv.o(.text), (222 bytes).
    Removing dfixul.o(.text), (48 bytes).
    Removing cdrcmple.o(.text), (48 bytes).
    Removing depilogue.o(.text), (186 bytes).

307 unused section(s) (total 14803 bytes) removed from the image.

==============================================================================

Image Symbol Table

    Local Symbols

    Symbol Name                              Value     Ov Type        Size  Object(Section)

    ../clib/microlib/ctype/ctype.c           0x00000000   Number         0  ctype_c.o ABSOLUTE
    ../clib/microlib/ctype/ctype.c           0x00000000   Number         0  isspace_c.o ABSOLUTE
    ../clib/microlib/division.c              0x00000000   Number         0  uldiv.o ABSOLUTE
    ../clib/microlib/division.c              0x00000000   Number         0  uidiv.o ABSOLUTE
    ../clib/microlib/init/entry.s            0x00000000   Number         0  entry8b.o ABSOLUTE
    ../clib/microlib/init/entry.s            0x00000000   Number         0  entry2.o ABSOLUTE
    ../clib/microlib/init/entry.s            0x00000000   Number         0  entry11a.o ABSOLUTE
    ../clib/microlib/init/entry.s            0x00000000   Number         0  entry11b.o ABSOLUTE
    ../clib/microlib/init/entry.s            0x00000000   Number         0  entry7a.o ABSOLUTE
    ../clib/microlib/init/entry.s            0x00000000   Number         0  entry8a.o ABSOLUTE
    ../clib/microlib/init/entry.s            0x00000000   Number         0  entry.o ABSOLUTE
    ../clib/microlib/init/entry.s            0x00000000   Number         0  entry7b.o ABSOLUTE
    ../clib/microlib/init/entry.s            0x00000000   Number         0  entry10a.o ABSOLUTE
    ../clib/microlib/init/entry.s            0x00000000   Number         0  entry5.o ABSOLUTE
    ../clib/microlib/init/entry.s            0x00000000   Number         0  entry9b.o ABSOLUTE
    ../clib/microlib/init/entry.s            0x00000000   Number         0  entry9a.o ABSOLUTE
    ../clib/microlib/init/entry.s            0x00000000   Number         0  entry10b.o ABSOLUTE
    ../clib/microlib/longlong.c              0x00000000   Number         0  llushr.o ABSOLUTE
    ../clib/microlib/longlong.c              0x00000000   Number         0  llshl.o ABSOLUTE
    ../clib/microlib/longlong.c              0x00000000   Number         0  llsshr.o ABSOLUTE
    ../clib/microlib/printf/printf.c         0x00000000   Number         0  printf3.o ABSOLUTE
    ../clib/microlib/printf/printf.c         0x00000000   Number         0  printf4.o ABSOLUTE
    ../clib/microlib/printf/printf.c         0x00000000   Number         0  printf5.o ABSOLUTE
    ../clib/microlib/printf/printf.c         0x00000000   Number         0  printf8.o ABSOLUTE
    ../clib/microlib/printf/printf.c         0x00000000   Number         0  printf6.o ABSOLUTE
    ../clib/microlib/printf/printf.c         0x00000000   Number         0  printf7.o ABSOLUTE
    ../clib/microlib/printf/printf.c         0x00000000   Number         0  printf0.o ABSOLUTE
    ../clib/microlib/printf/printf.c         0x00000000   Number         0  printf1.o ABSOLUTE
    ../clib/microlib/printf/printf.c         0x00000000   Number         0  printf2.o ABSOLUTE
    ../clib/microlib/printf/printf.c         0x00000000   Number         0  printfa.o ABSOLUTE
    ../clib/microlib/printf/printf.c         0x00000000   Number         0  printfb.o ABSOLUTE
    ../clib/microlib/stdio/fgetc.c           0x00000000   Number         0  fgetc_b.o ABSOLUTE
    ../clib/microlib/stdio/semi.s            0x00000000   Number         0  semi.o ABSOLUTE
    ../clib/microlib/stdio/streams.c         0x00000000   Number         0  stdin.o ABSOLUTE
    ../clib/microlib/stdio/streams.c         0x00000000   Number         0  stdout.o ABSOLUTE
    ../clib/microlib/string/memcpy.c         0x00000000   Number         0  memcpya.o ABSOLUTE
    ../clib/microlib/string/memcpy.c         0x00000000   Number         0  memcpyb.o ABSOLUTE
    ../clib/microlib/string/memset.c         0x00000000   Number         0  memseta.o ABSOLUTE
    ../clib/microlib/string/strlen.c         0x00000000   Number         0  strlen.o ABSOLUTE
    ../clib/microlib/stubs.s                 0x00000000   Number         0  iusefp.o ABSOLUTE
    ../clib/microlib/stubs.s                 0x00000000   Number         0  iusesemig.o ABSOLUTE
    ../clib/scanf.c                          0x00000000   Number         0  _scanf_str.o ABSOLUTE
    ../clib/scanf.c                          0x00000000   Number         0  scanf_char.o ABSOLUTE
    ../clib/scanf.c                          0x00000000   Number         0  scanf_char_file.o ABSOLUTE
    ../clib/scanf.c                          0x00000000   Number         0  _scanf.o ABSOLUTE
    ../clib/scanf.c                          0x00000000   Number         0  __0scanf.o ABSOLUTE
    ../fplib/microlib/fpadd.c                0x00000000   Number         0  dadd.o ABSOLUTE
    ../fplib/microlib/fpdiv.c                0x00000000   Number         0  ddiv.o ABSOLUTE
    ../fplib/microlib/fpepilogue.c           0x00000000   Number         0  depilogue.o ABSOLUTE
    ../fplib/microlib/fpfix.c                0x00000000   Number         0  dfixul.o ABSOLUTE
    ../fplib/microlib/fpmul.c                0x00000000   Number         0  dmul.o ABSOLUTE
    D:\Software\keil\install\ARM\PACK\ARM\CMSIS-FreeRTOS\9.1.0\CMSIS\RTOS2\FreeRTOS\Source\ARM\clib_arm.c 0x00000000   Number         0  clib_arm.o ABSOLUTE
    D:\Software\keil\install\ARM\PACK\ARM\CMSIS-FreeRTOS\9.1.0\CMSIS\RTOS2\FreeRTOS\Source\cmsis_os2.c 0x00000000   Number         0  cmsis_os2.o ABSOLUTE
    D:\Software\keil\install\ARM\PACK\ARM\CMSIS-FreeRTOS\9.1.0\CMSIS\RTOS2\FreeRTOS\Source\freertos_evr.c 0x00000000   Number         0  freertos_evr.o ABSOLUTE
    D:\Software\keil\install\ARM\PACK\ARM\CMSIS-FreeRTOS\9.1.0\CMSIS\RTOS2\FreeRTOS\Source\os_systick.c 0x00000000   Number         0  os_systick.o ABSOLUTE
    D:\Software\keil\install\ARM\PACK\ARM\CMSIS-FreeRTOS\9.1.0\Source\croutine.c 0x00000000   Number         0  croutine.o ABSOLUTE
    D:\Software\keil\install\ARM\PACK\ARM\CMSIS-FreeRTOS\9.1.0\Source\event_groups.c 0x00000000   Number         0  event_groups.o ABSOLUTE
    D:\Software\keil\install\ARM\PACK\ARM\CMSIS-FreeRTOS\9.1.0\Source\list.c 0x00000000   Number         0  list.o ABSOLUTE
    D:\Software\keil\install\ARM\PACK\ARM\CMSIS-FreeRTOS\9.1.0\Source\portable\MemMang\heap_4.c 0x00000000   Number         0  heap_4.o ABSOLUTE
    D:\Software\keil\install\ARM\PACK\ARM\CMSIS-FreeRTOS\9.1.0\Source\portable\RVDS\ARM_CM3\port.c 0x00000000   Number         0  port.o ABSOLUTE
    D:\Software\keil\install\ARM\PACK\ARM\CMSIS-FreeRTOS\9.1.0\Source\queue.c 0x00000000   Number         0  queue.o ABSOLUTE
    D:\Software\keil\install\ARM\PACK\ARM\CMSIS-FreeRTOS\9.1.0\Source\tasks.c 0x00000000   Number         0  tasks.o ABSOLUTE
    D:\Software\keil\install\ARM\PACK\ARM\CMSIS-FreeRTOS\9.1.0\Source\timers.c 0x00000000   Number         0  timers.o ABSOLUTE
    D:\Software\keil\install\ARM\PACK\Keil\STM32F1xx_DFP\2.2.0\Device\StdPeriph_Driver\src\misc.c 0x00000000   Number         0  misc.o ABSOLUTE
    D:\Software\keil\install\ARM\PACK\Keil\STM32F1xx_DFP\2.2.0\Device\StdPeriph_Driver\src\stm32f10x_exti.c 0x00000000   Number         0  stm32f10x_exti.o ABSOLUTE
    D:\Software\keil\install\ARM\PACK\Keil\STM32F1xx_DFP\2.2.0\Device\StdPeriph_Driver\src\stm32f10x_gpio.c 0x00000000   Number         0  stm32f10x_gpio.o ABSOLUTE
    D:\Software\keil\install\ARM\PACK\Keil\STM32F1xx_DFP\2.2.0\Device\StdPeriph_Driver\src\stm32f10x_rcc.c 0x00000000   Number         0  stm32f10x_rcc.o ABSOLUTE
    D:\Software\keil\install\ARM\PACK\Keil\STM32F1xx_DFP\2.2.0\Device\StdPeriph_Driver\src\stm32f10x_usart.c 0x00000000   Number         0  stm32f10x_usart.o ABSOLUTE
    D:\\Software\\keil\\install\\ARM\\PACK\\ARM\\CMSIS-FreeRTOS\\9.1.0\\CMSIS\\RTOS2\\FreeRTOS\\Source\\ARM\\clib_arm.c 0x00000000   Number         0  clib_arm.o ABSOLUTE
    D:\\Software\\keil\\install\\ARM\\PACK\\ARM\\CMSIS-FreeRTOS\\9.1.0\\CMSIS\\RTOS2\\FreeRTOS\\Source\\cmsis_os2.c 0x00000000   Number         0  cmsis_os2.o ABSOLUTE
    D:\\Software\\keil\\install\\ARM\\PACK\\ARM\\CMSIS-FreeRTOS\\9.1.0\\CMSIS\\RTOS2\\FreeRTOS\\Source\\freertos_evr.c 0x00000000   Number         0  freertos_evr.o ABSOLUTE
    D:\\Software\\keil\\install\\ARM\\PACK\\ARM\\CMSIS-FreeRTOS\\9.1.0\\CMSIS\\RTOS2\\FreeRTOS\\Source\\os_systick.c 0x00000000   Number         0  os_systick.o ABSOLUTE
    D:\\Software\\keil\\install\\ARM\\PACK\\ARM\\CMSIS-FreeRTOS\\9.1.0\\Source\\croutine.c 0x00000000   Number         0  croutine.o ABSOLUTE
    D:\\Software\\keil\\install\\ARM\\PACK\\ARM\\CMSIS-FreeRTOS\\9.1.0\\Source\\event_groups.c 0x00000000   Number         0  event_groups.o ABSOLUTE
    D:\\Software\\keil\\install\\ARM\\PACK\\ARM\\CMSIS-FreeRTOS\\9.1.0\\Source\\list.c 0x00000000   Number         0  list.o ABSOLUTE
    D:\\Software\\keil\\install\\ARM\\PACK\\ARM\\CMSIS-FreeRTOS\\9.1.0\\Source\\portable\\MemMang\\heap_4.c 0x00000000   Number         0  heap_4.o ABSOLUTE
    D:\\Software\\keil\\install\\ARM\\PACK\\ARM\\CMSIS-FreeRTOS\\9.1.0\\Source\\portable\\RVDS\\ARM_CM3\\port.c 0x00000000   Number         0  port.o ABSOLUTE
    D:\\Software\\keil\\install\\ARM\\PACK\\ARM\\CMSIS-FreeRTOS\\9.1.0\\Source\\queue.c 0x00000000   Number         0  queue.o ABSOLUTE
    D:\\Software\\keil\\install\\ARM\\PACK\\ARM\\CMSIS-FreeRTOS\\9.1.0\\Source\\tasks.c 0x00000000   Number         0  tasks.o ABSOLUTE
    D:\\Software\\keil\\install\\ARM\\PACK\\ARM\\CMSIS-FreeRTOS\\9.1.0\\Source\\timers.c 0x00000000   Number         0  timers.o ABSOLUTE
    D:\\Software\\keil\\install\\ARM\\PACK\\Keil\\STM32F1xx_DFP\\2.2.0\\Device\\StdPeriph_Driver\\src\\misc.c 0x00000000   Number         0  misc.o ABSOLUTE
    D:\\Software\\keil\\install\\ARM\\PACK\\Keil\\STM32F1xx_DFP\\2.2.0\\Device\\StdPeriph_Driver\\src\\stm32f10x_exti.c 0x00000000   Number         0  stm32f10x_exti.o ABSOLUTE
    D:\\Software\\keil\\install\\ARM\\PACK\\Keil\\STM32F1xx_DFP\\2.2.0\\Device\\StdPeriph_Driver\\src\\stm32f10x_gpio.c 0x00000000   Number         0  stm32f10x_gpio.o ABSOLUTE
    D:\\Software\\keil\\install\\ARM\\PACK\\Keil\\STM32F1xx_DFP\\2.2.0\\Device\\StdPeriph_Driver\\src\\stm32f10x_rcc.c 0x00000000   Number         0  stm32f10x_rcc.o ABSOLUTE
    D:\\Software\\keil\\install\\ARM\\PACK\\Keil\\STM32F1xx_DFP\\2.2.0\\Device\\StdPeriph_Driver\\src\\stm32f10x_usart.c 0x00000000   Number         0  stm32f10x_usart.o ABSOLUTE
    RTE\Device\STM32F103ZE\startup_stm32f10x_hd.s 0x00000000   Number         0  startup_stm32f10x_hd.o ABSOLUTE
    RTE\Device\STM32F103ZE\system_stm32f10x.c 0x00000000   Number         0  system_stm32f10x.o ABSOLUTE
    RTE\\Device\\STM32F103ZE\\system_stm32f10x.c 0x00000000   Number         0  system_stm32f10x.o ABSOLUTE
    cdrcmple.s                               0x00000000   Number         0  cdrcmple.o ABSOLUTE
    dc.s                                     0x00000000   Number         0  dc.o ABSOLUTE
    handlers.s                               0x00000000   Number         0  handlers.o ABSOLUTE
    init.s                                   0x00000000   Number         0  init.o ABSOLUTE
    main.c                                   0x00000000   Number         0  main.o ABSOLUTE
    main.c                                   0x00000000   Number         0  main.o ABSOLUTE
    zengjf\\delay.c                          0x00000000   Number         0  delay.o ABSOLUTE
    zengjf\\led.c                            0x00000000   Number         0  led.o ABSOLUTE
    zengjf\\usart1.c                         0x00000000   Number         0  usart1.o ABSOLUTE
    zengjf\delay.c                           0x00000000   Number         0  delay.o ABSOLUTE
    zengjf\led.c                             0x00000000   Number         0  led.o ABSOLUTE
    zengjf\usart1.c                          0x00000000   Number         0  usart1.o ABSOLUTE
    RESET                                    0x08000000   Section      304  startup_stm32f10x_hd.o(RESET)
    .ARM.Collect$$$$00000000                 0x08000130   Section        0  entry.o(.ARM.Collect$$$$00000000)
    .ARM.Collect$$$$00000001                 0x08000130   Section        4  entry2.o(.ARM.Collect$$$$00000001)
    .ARM.Collect$$$$00000004                 0x08000134   Section        4  entry5.o(.ARM.Collect$$$$00000004)
    .ARM.Collect$$$$00000008                 0x08000138   Section        0  entry7b.o(.ARM.Collect$$$$00000008)
    .ARM.Collect$$$$0000000A                 0x08000138   Section        0  entry8b.o(.ARM.Collect$$$$0000000A)
    .ARM.Collect$$$$0000000B                 0x08000138   Section        8  entry9a.o(.ARM.Collect$$$$0000000B)
    .ARM.Collect$$$$0000000D                 0x08000140   Section        0  entry10a.o(.ARM.Collect$$$$0000000D)
    .ARM.Collect$$$$0000000F                 0x08000140   Section        0  entry11a.o(.ARM.Collect$$$$0000000F)
    .ARM.Collect$$$$00002712                 0x08000140   Section        4  entry2.o(.ARM.Collect$$$$00002712)
    __lit__00000000                          0x08000140   Data           4  entry2.o(.ARM.Collect$$$$00002712)
    .emb_text                                0x08000144   Section      150  port.o(.emb_text)
    .text                                    0x080001dc   Section       36  startup_stm32f10x_hd.o(.text)
    .text                                    0x08000200   Section        0  memcpya.o(.text)
    .text                                    0x08000224   Section        0  memseta.o(.text)
    .text                                    0x08000248   Section        0  strlen.o(.text)
    .text                                    0x08000258   Section        0  __0scanf.o(.text)
    .text                                    0x08000278   Section        0  _scanf_str.o(.text)
    .text                                    0x08000358   Section        0  scanf_char_file.o(.text)
    .text                                    0x0800036c   Section       36  init.o(.text)
    .text                                    0x08000390   Section        0  fgetc_b.o(.text)
    .text                                    0x080003bc   Section        0  scanf_char.o(.text)
    _scanf_char_input                        0x080003bd   Thumb Code    12  scanf_char.o(.text)
    .text                                    0x080003e4   Section        0  semi.o(.text)
    .text                                    0x080003e4   Section        0  isspace_c.o(.text)
    .text                                    0x080003f0   Section        0  _scanf.o(.text)
    .text                                    0x0800071c   Section        0  iusesemig.o(.text)
    .text                                    0x0800071c   Section        0  ctype_c.o(.text)
    i.Delay                                  0x08000744   Section        0  delay.o(i.Delay)
    i.GPIO_Init                              0x08000756   Section        0  stm32f10x_gpio.o(i.GPIO_Init)
    i.GPIO_ReadOutputDataBit                 0x0800086c   Section        0  stm32f10x_gpio.o(i.GPIO_ReadOutputDataBit)
    i.GPIO_ResetBits                         0x0800087e   Section        0  stm32f10x_gpio.o(i.GPIO_ResetBits)
    i.GPIO_SetBits                           0x08000882   Section        0  stm32f10x_gpio.o(i.GPIO_SetBits)
    i.LED_GPIO_Config                        0x08000888   Section        0  led.o(i.LED_GPIO_Config)
    i.RCC_APB2PeriphClockCmd                 0x080008b4   Section        0  stm32f10x_rcc.o(i.RCC_APB2PeriphClockCmd)
    i.RCC_GetClocksFreq                      0x080008d4   Section        0  stm32f10x_rcc.o(i.RCC_GetClocksFreq)
    i.SetSysClock                            0x080009a8   Section        0  system_stm32f10x.o(i.SetSysClock)
    SetSysClock                              0x080009a9   Thumb Code     8  system_stm32f10x.o(i.SetSysClock)
    i.SetSysClockTo72                        0x080009b0   Section        0  system_stm32f10x.o(i.SetSysClockTo72)
    SetSysClockTo72                          0x080009b1   Thumb Code   214  system_stm32f10x.o(i.SetSysClockTo72)
    i.SysTick_Handler                        0x08000a90   Section        0  cmsis_os2.o(i.SysTick_Handler)
    i.SystemCoreClockUpdate                  0x08000aa0   Section        0  system_stm32f10x.o(i.SystemCoreClockUpdate)
    i.SystemInit                             0x08000b44   Section        0  system_stm32f10x.o(i.SystemInit)
    i.USART1_Config                          0x08000ba4   Section        0  usart1.o(i.USART1_Config)
    i.USART_Cmd                              0x08000c24   Section        0  stm32f10x_usart.o(i.USART_Cmd)
    i.USART_GetFlagStatus                    0x08000c3c   Section        0  stm32f10x_usart.o(i.USART_GetFlagStatus)
    i.USART_Init                             0x08000c58   Section        0  stm32f10x_usart.o(i.USART_Init)
    i.USART_ReceiveData                      0x08000d30   Section        0  stm32f10x_usart.o(i.USART_ReceiveData)
    i.USART_SendData                         0x08000d3a   Section        0  stm32f10x_usart.o(i.USART_SendData)
    i.__0printf$bare                         0x08000d44   Section        0  printfb.o(i.__0printf$bare)
    i.__get_BASEPRI                          0x08000d54   Section        0  cmsis_os2.o(i.__get_BASEPRI)
    __get_BASEPRI                            0x08000d55   Thumb Code     6  cmsis_os2.o(i.__get_BASEPRI)
    i.__get_IPSR                             0x08000d5a   Section        0  cmsis_os2.o(i.__get_IPSR)
    __get_IPSR                               0x08000d5b   Thumb Code     6  cmsis_os2.o(i.__get_IPSR)
    i.__get_PRIMASK                          0x08000d60   Section        0  cmsis_os2.o(i.__get_PRIMASK)
    __get_PRIMASK                            0x08000d61   Thumb Code     6  cmsis_os2.o(i.__get_PRIMASK)
    i.__scatterload_copy                     0x08000d66   Section       14  handlers.o(i.__scatterload_copy)
    i.__scatterload_null                     0x08000d74   Section        2  handlers.o(i.__scatterload_null)
    i.__scatterload_zeroinit                 0x08000d76   Section       14  handlers.o(i.__scatterload_zeroinit)
    i._printf_core                           0x08000d84   Section        0  printfb.o(i._printf_core)
    _printf_core                             0x08000d85   Thumb Code    34  printfb.o(i._printf_core)
    i.fgetc                                  0x08000da8   Section        0  usart1.o(i.fgetc)
    i.fputc                                  0x08000df8   Section        0  usart1.o(i.fputc)
    i.led_toggle                             0x08000e28   Section        0  led.o(i.led_toggle)
    i.main                                   0x08000e50   Section        0  main.o(i.main)
    i.osKernelInitialize                     0x08000ef8   Section        0  cmsis_os2.o(i.osKernelInitialize)
    i.osKernelStart                          0x08000f38   Section        0  cmsis_os2.o(i.osKernelStart)
    i.osThreadNew                            0x08000f7c   Section        0  cmsis_os2.o(i.osThreadNew)
    i.prvAddCurrentTaskToDelayedList         0x08001058   Section        0  tasks.o(i.prvAddCurrentTaskToDelayedList)
    prvAddCurrentTaskToDelayedList           0x08001059   Thumb Code   100  tasks.o(i.prvAddCurrentTaskToDelayedList)
    i.prvAddNewTaskToReadyList               0x080010d4   Section        0  tasks.o(i.prvAddNewTaskToReadyList)
    prvAddNewTaskToReadyList                 0x080010d5   Thumb Code   154  tasks.o(i.prvAddNewTaskToReadyList)
    i.prvCheckForValidListAndQueue           0x0800118c   Section        0  timers.o(i.prvCheckForValidListAndQueue)
    prvCheckForValidListAndQueue             0x0800118d   Thumb Code    62  timers.o(i.prvCheckForValidListAndQueue)
    i.prvCheckTasksWaitingTermination        0x080011e8   Section        0  tasks.o(i.prvCheckTasksWaitingTermination)
    prvCheckTasksWaitingTermination          0x080011e9   Thumb Code    86  tasks.o(i.prvCheckTasksWaitingTermination)
    i.prvCopyDataFromQueue                   0x0800124c   Section        0  queue.o(i.prvCopyDataFromQueue)
    prvCopyDataFromQueue                     0x0800124d   Thumb Code    42  queue.o(i.prvCopyDataFromQueue)
    i.prvCopyDataToQueue                     0x08001276   Section        0  queue.o(i.prvCopyDataToQueue)
    prvCopyDataToQueue                       0x08001277   Thumb Code   124  queue.o(i.prvCopyDataToQueue)
    i.prvDeleteTCB                           0x080012f2   Section        0  tasks.o(i.prvDeleteTCB)
    prvDeleteTCB                             0x080012f3   Thumb Code    40  tasks.o(i.prvDeleteTCB)
    i.prvGetNextExpireTime                   0x0800131c   Section        0  timers.o(i.prvGetNextExpireTime)
    prvGetNextExpireTime                     0x0800131d   Thumb Code    36  timers.o(i.prvGetNextExpireTime)
    i.prvHeapInit                            0x08001344   Section        0  heap_4.o(i.prvHeapInit)
    prvHeapInit                              0x08001345   Thumb Code    98  heap_4.o(i.prvHeapInit)
    i.prvIdleTask                            0x080013c0   Section        0  tasks.o(i.prvIdleTask)
    prvIdleTask                              0x080013c1   Thumb Code    32  tasks.o(i.prvIdleTask)
    i.prvInitialiseNewQueue                  0x080013e8   Section        0  queue.o(i.prvInitialiseNewQueue)
    prvInitialiseNewQueue                    0x080013e9   Thumb Code    42  queue.o(i.prvInitialiseNewQueue)
    i.prvInitialiseNewTask                   0x08001412   Section        0  tasks.o(i.prvInitialiseNewTask)
    prvInitialiseNewTask                     0x08001413   Thumb Code   144  tasks.o(i.prvInitialiseNewTask)
    i.prvInitialiseTaskLists                 0x080014a4   Section        0  tasks.o(i.prvInitialiseTaskLists)
    prvInitialiseTaskLists                   0x080014a5   Thumb Code    70  tasks.o(i.prvInitialiseTaskLists)
    i.prvInsertBlockIntoFreeList             0x0800150c   Section        0  heap_4.o(i.prvInsertBlockIntoFreeList)
    prvInsertBlockIntoFreeList               0x0800150d   Thumb Code    96  heap_4.o(i.prvInsertBlockIntoFreeList)
    i.prvInsertTimerInActiveList             0x08001574   Section        0  timers.o(i.prvInsertTimerInActiveList)
    prvInsertTimerInActiveList               0x08001575   Thumb Code    80  timers.o(i.prvInsertTimerInActiveList)
    i.prvIsQueueEmpty                        0x080015cc   Section        0  queue.o(i.prvIsQueueEmpty)
    prvIsQueueEmpty                          0x080015cd   Thumb Code    26  queue.o(i.prvIsQueueEmpty)
    i.prvIsQueueFull                         0x080015e6   Section        0  queue.o(i.prvIsQueueFull)
    prvIsQueueFull                           0x080015e7   Thumb Code    30  queue.o(i.prvIsQueueFull)
    i.prvProcessExpiredTimer                 0x08001604   Section        0  timers.o(i.prvProcessExpiredTimer)
    prvProcessExpiredTimer                   0x08001605   Thumb Code    70  timers.o(i.prvProcessExpiredTimer)
    i.prvProcessReceivedCommands             0x08001650   Section        0  timers.o(i.prvProcessReceivedCommands)
    prvProcessReceivedCommands               0x08001651   Thumb Code   208  timers.o(i.prvProcessReceivedCommands)
    i.prvProcessTimerOrBlockTask             0x08001724   Section        0  timers.o(i.prvProcessTimerOrBlockTask)
    prvProcessTimerOrBlockTask               0x08001725   Thumb Code   102  timers.o(i.prvProcessTimerOrBlockTask)
    i.prvResetNextTaskUnblockTime            0x08001798   Section        0  tasks.o(i.prvResetNextTaskUnblockTime)
    prvResetNextTaskUnblockTime              0x08001799   Thumb Code    42  tasks.o(i.prvResetNextTaskUnblockTime)
    i.prvSampleTimeNow                       0x080017cc   Section        0  timers.o(i.prvSampleTimeNow)
    prvSampleTimeNow                         0x080017cd   Thumb Code    40  timers.o(i.prvSampleTimeNow)
    i.prvSwitchTimerLists                    0x080017f8   Section        0  timers.o(i.prvSwitchTimerLists)
    prvSwitchTimerLists                      0x080017f9   Thumb Code   122  timers.o(i.prvSwitchTimerLists)
    i.prvTaskExitError                       0x0800187c   Section        0  port.o(i.prvTaskExitError)
    prvTaskExitError                         0x0800187d   Thumb Code    22  port.o(i.prvTaskExitError)
    i.prvTimerTask                           0x08001892   Section        0  timers.o(i.prvTimerTask)
    prvTimerTask                             0x08001893   Thumb Code    26  timers.o(i.prvTimerTask)
    i.prvUnlockQueue                         0x080018ac   Section        0  queue.o(i.prvUnlockQueue)
    prvUnlockQueue                           0x080018ad   Thumb Code   126  queue.o(i.prvUnlockQueue)
    i.pvPortMalloc                           0x0800192c   Section        0  heap_4.o(i.pvPortMalloc)
    i.pvTaskIncrementMutexHeldCount          0x080019fc   Section        0  tasks.o(i.pvTaskIncrementMutexHeldCount)
    i.pxPortInitialiseStack                  0x08001a1c   Section        0  port.o(i.pxPortInitialiseStack)
    i.uxListRemove                           0x08001a40   Section        0  list.o(i.uxListRemove)
    i.vApplicationGetIdleTaskMemory          0x08001a68   Section        0  cmsis_os2.o(i.vApplicationGetIdleTaskMemory)
    i.vApplicationGetTimerTaskMemory         0x08001a80   Section        0  cmsis_os2.o(i.vApplicationGetTimerTaskMemory)
    i.vApplicationStackOverflowHook          0x08001a98   Section        0  cmsis_os2.o(i.vApplicationStackOverflowHook)
    i.vListInitialise                        0x08001a9a   Section        0  list.o(i.vListInitialise)
    i.vListInitialiseItem                    0x08001ab4   Section        0  list.o(i.vListInitialiseItem)
    i.vListInsert                            0x08001aba   Section        0  list.o(i.vListInsert)
    i.vListInsertEnd                         0x08001aee   Section        0  list.o(i.vListInsertEnd)
    i.vPortEnterCritical                     0x08001b08   Section        0  port.o(i.vPortEnterCritical)
    i.vPortExitCritical                      0x08001b2c   Section        0  port.o(i.vPortExitCritical)
    i.vPortFree                              0x08001b4c   Section        0  heap_4.o(i.vPortFree)
    i.vPortSetupTimerInterrupt               0x08001b94   Section        0  port.o(i.vPortSetupTimerInterrupt)
    i.vQueueWaitForMessageRestricted         0x08001bb4   Section        0  queue.o(i.vQueueWaitForMessageRestricted)
    i.vTaskDebugPort                         0x08001c00   Section        0  main.o(i.vTaskDebugPort)
    i.vTaskLedRed                            0x08001c24   Section        0  main.o(i.vTaskLedRed)
    i.vTaskMissedYield                       0x08001c40   Section        0  tasks.o(i.vTaskMissedYield)
    i.vTaskPlaceOnEventList                  0x08001c4c   Section        0  tasks.o(i.vTaskPlaceOnEventList)
    i.vTaskPlaceOnEventListRestricted        0x08001c6c   Section        0  tasks.o(i.vTaskPlaceOnEventListRestricted)
    i.vTaskPriorityInherit                   0x08001c94   Section        0  tasks.o(i.vTaskPriorityInherit)
    i.vTaskSetTimeOutState                   0x08001d20   Section        0  tasks.o(i.vTaskSetTimeOutState)
    i.vTaskStartScheduler                    0x08001d38   Section        0  tasks.o(i.vTaskStartScheduler)
    i.vTaskSuspendAll                        0x08001dcc   Section        0  tasks.o(i.vTaskSuspendAll)
    i.vTaskSwitchContext                     0x08001ddc   Section        0  tasks.o(i.vTaskSwitchContext)
    i.xPortStartScheduler                    0x08001e8c   Section        0  port.o(i.xPortStartScheduler)
    i.xPortSysTickHandler                    0x08001ec0   Section        0  port.o(i.xPortSysTickHandler)
    i.xQueueGenericCreateStatic              0x08001ef4   Section        0  queue.o(i.xQueueGenericCreateStatic)
    i.xQueueGenericReceive                   0x08001f24   Section        0  queue.o(i.xQueueGenericReceive)
    i.xQueueGenericReset                     0x08002080   Section        0  queue.o(i.xQueueGenericReset)
    i.xQueueGenericSend                      0x08002100   Section        0  queue.o(i.xQueueGenericSend)
    i.xQueueGenericSendFromISR               0x08002218   Section        0  queue.o(i.xQueueGenericSendFromISR)
    i.xTaskCheckForTimeOut                   0x080022a0   Section        0  tasks.o(i.xTaskCheckForTimeOut)
    i.xTaskCreate                            0x080022fc   Section        0  tasks.o(i.xTaskCreate)
    i.xTaskCreateStatic                      0x08002360   Section        0  tasks.o(i.xTaskCreateStatic)
    i.xTaskGetSchedulerState                 0x080023b0   Section        0  tasks.o(i.xTaskGetSchedulerState)
    i.xTaskGetTickCount                      0x080023d0   Section        0  tasks.o(i.xTaskGetTickCount)
    i.xTaskIncrementTick                     0x080023dc   Section        0  tasks.o(i.xTaskIncrementTick)
    i.xTaskPriorityDisinherit                0x080024f4   Section        0  tasks.o(i.xTaskPriorityDisinherit)
    i.xTaskRemoveFromEventList               0x08002554   Section        0  tasks.o(i.xTaskRemoveFromEventList)
    i.xTaskResumeAll                         0x080025d4   Section        0  tasks.o(i.xTaskResumeAll)
    i.xTimerCreateTimerTask                  0x080026bc   Section        0  timers.o(i.xTimerCreateTimerTask)
    i.xTimerGenericCommand                   0x0800271c   Section        0  timers.o(i.xTimerGenericCommand)
    .constdata                               0x08002788   Section       64  ctype_c.o(.constdata)
    .data                                    0x20000000   Section        4  cmsis_os2.o(.data)
    KernelState                              0x20000000   Data           4  cmsis_os2.o(.data)
    .data                                    0x20000004   Section       20  stm32f10x_rcc.o(.data)
    APBAHBPrescTable                         0x20000004   Data          16  stm32f10x_rcc.o(.data)
    ADCPrescTable                            0x20000014   Data           4  stm32f10x_rcc.o(.data)
    .data                                    0x20000018   Section       20  system_stm32f10x.o(.data)
    .data                                    0x2000002c   Section       24  heap_4.o(.data)
    xStart                                   0x2000002c   Data           8  heap_4.o(.data)
    pxEnd                                    0x20000034   Data           4  heap_4.o(.data)
    xFreeBytesRemaining                      0x20000038   Data           4  heap_4.o(.data)
    xMinimumEverFreeBytesRemaining           0x2000003c   Data           4  heap_4.o(.data)
    xBlockAllocatedBit                       0x20000040   Data           4  heap_4.o(.data)
    .data                                    0x20000044   Section        4  port.o(.data)
    uxCriticalNesting                        0x20000044   Data           4  port.o(.data)
    .data                                    0x20000048   Section       60  tasks.o(.data)
    pxDelayedTaskList                        0x2000004c   Data           4  tasks.o(.data)
    pxOverflowDelayedTaskList                0x20000050   Data           4  tasks.o(.data)
    uxDeletedTasksWaitingCleanUp             0x20000054   Data           4  tasks.o(.data)
    uxCurrentNumberOfTasks                   0x20000058   Data           4  tasks.o(.data)
    xTickCount                               0x2000005c   Data           4  tasks.o(.data)
    uxTopReadyPriority                       0x20000060   Data           4  tasks.o(.data)
    xSchedulerRunning                        0x20000064   Data           4  tasks.o(.data)
    uxPendedTicks                            0x20000068   Data           4  tasks.o(.data)
    xYieldPending                            0x2000006c   Data           4  tasks.o(.data)
    xNumOfOverflows                          0x20000070   Data           4  tasks.o(.data)
    uxTaskNumber                             0x20000074   Data           4  tasks.o(.data)
    xNextTaskUnblockTime                     0x20000078   Data           4  tasks.o(.data)
    xIdleTaskHandle                          0x2000007c   Data           4  tasks.o(.data)
    uxSchedulerSuspended                     0x20000080   Data           4  tasks.o(.data)
    .data                                    0x20000084   Section       20  timers.o(.data)
    pxCurrentTimerList                       0x20000084   Data           4  timers.o(.data)
    pxOverflowTimerList                      0x20000088   Data           4  timers.o(.data)
    xTimerQueue                              0x2000008c   Data           4  timers.o(.data)
    xTimerTaskHandle                         0x20000090   Data           4  timers.o(.data)
    xLastTime                                0x20000094   Data           4  timers.o(.data)
    .data                                    0x20000098   Section        4  stdin.o(.data)
    .data                                    0x2000009c   Section        4  stdout.o(.data)
    .data                                    0x200000a0   Section        3  fgetc_b.o(.data)
    ungetc_sp                                0x200000a0   Data           1  fgetc_b.o(.data)
    ungetc_stack                             0x200000a1   Data           2  fgetc_b.o(.data)
    .bss                                     0x200000a4   Section      512  main.o(.bss)
    .bss                                     0x200002a4   Section     1016  cmsis_os2.o(.bss)
    Idle_TCB                                 0x200002a4   Data          92  cmsis_os2.o(.bss)
    Idle_Stack                               0x20000300   Data         512  cmsis_os2.o(.bss)
    Timer_TCB                                0x20000500   Data          92  cmsis_os2.o(.bss)
    Timer_Stack                              0x2000055c   Data         320  cmsis_os2.o(.bss)
    .bss                                     0x2000069c   Section     8192  heap_4.o(.bss)
    ucHeap                                   0x2000069c   Data        8192  heap_4.o(.bss)
    .bss                                     0x2000269c   Section     1220  tasks.o(.bss)
    pxReadyTasksLists                        0x2000269c   Data        1120  tasks.o(.bss)
    xDelayedTaskList1                        0x20002afc   Data          20  tasks.o(.bss)
    xDelayedTaskList2                        0x20002b10   Data          20  tasks.o(.bss)
    xPendingReadyList                        0x20002b24   Data          20  tasks.o(.bss)
    xTasksWaitingTermination                 0x20002b38   Data          20  tasks.o(.bss)
    xSuspendedTaskList                       0x20002b4c   Data          20  tasks.o(.bss)
    .bss                                     0x20002b60   Section      200  timers.o(.bss)
    xActiveTimerList1                        0x20002b60   Data          20  timers.o(.bss)
    xActiveTimerList2                        0x20002b74   Data          20  timers.o(.bss)
    xStaticTimerQueue                        0x20002b88   Data          80  timers.o(.bss)
    ucStaticTimerQueueStorage                0x20002bd8   Data          80  timers.o(.bss)
    STACK                                    0x20002c28   Section     1024  startup_stm32f10x_hd.o(STACK)

    Global Symbols

    Symbol Name                              Value     Ov Type        Size  Object(Section)

    BuildAttributes$$THM_ISAv4$P$D$K$B$S$PE$A:L22UL41UL21$X:L11$S22US41US21$IEEE1$IW$USESV6$~STKCKD$USESV7$~SHL$OSPACE$ROPI$EBA8$MICROLIB$REQ8$PRES8$EABIv2 0x00000000   Number         0  anon$$obj.o ABSOLUTE
    __ARM_use_no_argv                        0x00000000   Number         0  main.o ABSOLUTE
    __cpp_initialize__aeabi_                  - Undefined Weak Reference
    __cxa_finalize                            - Undefined Weak Reference
    __decompress                              - Undefined Weak Reference
    _clock_init                               - Undefined Weak Reference
    _microlib_exit                            - Undefined Weak Reference
    _scanf_int                                - Undefined Weak Reference
    _scanf_longlong                           - Undefined Weak Reference
    _scanf_real                               - Undefined Weak Reference
    __Vectors_Size                           0x00000130   Number         0  startup_stm32f10x_hd.o ABSOLUTE
    __Vectors                                0x08000000   Data           4  startup_stm32f10x_hd.o(RESET)
    __Vectors_End                            0x08000130   Data           0  startup_stm32f10x_hd.o(RESET)
    __main                                   0x08000131   Thumb Code     0  entry.o(.ARM.Collect$$$$00000000)
    _main_stk                                0x08000131   Thumb Code     0  entry2.o(.ARM.Collect$$$$00000001)
    _main_scatterload                        0x08000135   Thumb Code     0  entry5.o(.ARM.Collect$$$$00000004)
    __main_after_scatterload                 0x08000139   Thumb Code     0  entry5.o(.ARM.Collect$$$$00000004)
    _main_clock                              0x08000139   Thumb Code     0  entry7b.o(.ARM.Collect$$$$00000008)
    _main_cpp_init                           0x08000139   Thumb Code     0  entry8b.o(.ARM.Collect$$$$0000000A)
    _main_init                               0x08000139   Thumb Code     0  entry9a.o(.ARM.Collect$$$$0000000B)
    __rt_final_cpp                           0x08000141   Thumb Code     0  entry10a.o(.ARM.Collect$$$$0000000D)
    __rt_final_exit                          0x08000141   Thumb Code     0  entry11a.o(.ARM.Collect$$$$0000000F)
    SVC_Handler                              0x08000145   Thumb Code    32  port.o(.emb_text)
    __asm___6_port_c_39a90d8d__prvStartFirstTask 0x08000169   Thumb Code    28  port.o(.emb_text)
    PendSV_Handler                           0x08000189   Thumb Code    72  port.o(.emb_text)
    vPortGetIPSR                             0x080001d5   Thumb Code     6  port.o(.emb_text)
    Reset_Handler                            0x080001dd   Thumb Code     8  startup_stm32f10x_hd.o(.text)
    NMI_Handler                              0x080001e5   Thumb Code     2  startup_stm32f10x_hd.o(.text)
    HardFault_Handler                        0x080001e7   Thumb Code     2  startup_stm32f10x_hd.o(.text)
    MemManage_Handler                        0x080001e9   Thumb Code     2  startup_stm32f10x_hd.o(.text)
    BusFault_Handler                         0x080001eb   Thumb Code     2  startup_stm32f10x_hd.o(.text)
    UsageFault_Handler                       0x080001ed   Thumb Code     2  startup_stm32f10x_hd.o(.text)
    DebugMon_Handler                         0x080001f1   Thumb Code     2  startup_stm32f10x_hd.o(.text)
    ADC1_2_IRQHandler                        0x080001f7   Thumb Code     0  startup_stm32f10x_hd.o(.text)
    ADC3_IRQHandler                          0x080001f7   Thumb Code     0  startup_stm32f10x_hd.o(.text)
    CAN1_RX1_IRQHandler                      0x080001f7   Thumb Code     0  startup_stm32f10x_hd.o(.text)
    CAN1_SCE_IRQHandler                      0x080001f7   Thumb Code     0  startup_stm32f10x_hd.o(.text)
    DMA1_Channel1_IRQHandler                 0x080001f7   Thumb Code     0  startup_stm32f10x_hd.o(.text)
    DMA1_Channel2_IRQHandler                 0x080001f7   Thumb Code     0  startup_stm32f10x_hd.o(.text)
    DMA1_Channel3_IRQHandler                 0x080001f7   Thumb Code     0  startup_stm32f10x_hd.o(.text)
    DMA1_Channel4_IRQHandler                 0x080001f7   Thumb Code     0  startup_stm32f10x_hd.o(.text)
    DMA1_Channel5_IRQHandler                 0x080001f7   Thumb Code     0  startup_stm32f10x_hd.o(.text)
    DMA1_Channel6_IRQHandler                 0x080001f7   Thumb Code     0  startup_stm32f10x_hd.o(.text)
    DMA1_Channel7_IRQHandler                 0x080001f7   Thumb Code     0  startup_stm32f10x_hd.o(.text)
    DMA2_Channel1_IRQHandler                 0x080001f7   Thumb Code     0  startup_stm32f10x_hd.o(.text)
    DMA2_Channel2_IRQHandler                 0x080001f7   Thumb Code     0  startup_stm32f10x_hd.o(.text)
    DMA2_Channel3_IRQHandler                 0x080001f7   Thumb Code     0  startup_stm32f10x_hd.o(.text)
    DMA2_Channel4_5_IRQHandler               0x080001f7   Thumb Code     0  startup_stm32f10x_hd.o(.text)
    EXTI0_IRQHandler                         0x080001f7   Thumb Code     0  startup_stm32f10x_hd.o(.text)
    EXTI15_10_IRQHandler                     0x080001f7   Thumb Code     0  startup_stm32f10x_hd.o(.text)
    EXTI1_IRQHandler                         0x080001f7   Thumb Code     0  startup_stm32f10x_hd.o(.text)
    EXTI2_IRQHandler                         0x080001f7   Thumb Code     0  startup_stm32f10x_hd.o(.text)
    EXTI3_IRQHandler                         0x080001f7   Thumb Code     0  startup_stm32f10x_hd.o(.text)
    EXTI4_IRQHandler                         0x080001f7   Thumb Code     0  startup_stm32f10x_hd.o(.text)
    EXTI9_5_IRQHandler                       0x080001f7   Thumb Code     0  startup_stm32f10x_hd.o(.text)
    FLASH_IRQHandler                         0x080001f7   Thumb Code     0  startup_stm32f10x_hd.o(.text)
    FSMC_IRQHandler                          0x080001f7   Thumb Code     0  startup_stm32f10x_hd.o(.text)
    I2C1_ER_IRQHandler                       0x080001f7   Thumb Code     0  startup_stm32f10x_hd.o(.text)
    I2C1_EV_IRQHandler                       0x080001f7   Thumb Code     0  startup_stm32f10x_hd.o(.text)
    I2C2_ER_IRQHandler                       0x080001f7   Thumb Code     0  startup_stm32f10x_hd.o(.text)
    I2C2_EV_IRQHandler                       0x080001f7   Thumb Code     0  startup_stm32f10x_hd.o(.text)
    PVD_IRQHandler                           0x080001f7   Thumb Code     0  startup_stm32f10x_hd.o(.text)
    RCC_IRQHandler                           0x080001f7   Thumb Code     0  startup_stm32f10x_hd.o(.text)
    RTCAlarm_IRQHandler                      0x080001f7   Thumb Code     0  startup_stm32f10x_hd.o(.text)
    RTC_IRQHandler                           0x080001f7   Thumb Code     0  startup_stm32f10x_hd.o(.text)
    SDIO_IRQHandler                          0x080001f7   Thumb Code     0  startup_stm32f10x_hd.o(.text)
    SPI1_IRQHandler                          0x080001f7   Thumb Code     0  startup_stm32f10x_hd.o(.text)
    SPI2_IRQHandler                          0x080001f7   Thumb Code     0  startup_stm32f10x_hd.o(.text)
    SPI3_IRQHandler                          0x080001f7   Thumb Code     0  startup_stm32f10x_hd.o(.text)
    TAMPER_IRQHandler                        0x080001f7   Thumb Code     0  startup_stm32f10x_hd.o(.text)
    TIM1_BRK_IRQHandler                      0x080001f7   Thumb Code     0  startup_stm32f10x_hd.o(.text)
    TIM1_CC_IRQHandler                       0x080001f7   Thumb Code     0  startup_stm32f10x_hd.o(.text)
    TIM1_TRG_COM_IRQHandler                  0x080001f7   Thumb Code     0  startup_stm32f10x_hd.o(.text)
    TIM1_UP_IRQHandler                       0x080001f7   Thumb Code     0  startup_stm32f10x_hd.o(.text)
    TIM2_IRQHandler                          0x080001f7   Thumb Code     0  startup_stm32f10x_hd.o(.text)
    TIM3_IRQHandler                          0x080001f7   Thumb Code     0  startup_stm32f10x_hd.o(.text)
    TIM4_IRQHandler                          0x080001f7   Thumb Code     0  startup_stm32f10x_hd.o(.text)
    TIM5_IRQHandler                          0x080001f7   Thumb Code     0  startup_stm32f10x_hd.o(.text)
    TIM6_IRQHandler                          0x080001f7   Thumb Code     0  startup_stm32f10x_hd.o(.text)
    TIM7_IRQHandler                          0x080001f7   Thumb Code     0  startup_stm32f10x_hd.o(.text)
    TIM8_BRK_IRQHandler                      0x080001f7   Thumb Code     0  startup_stm32f10x_hd.o(.text)
    TIM8_CC_IRQHandler                       0x080001f7   Thumb Code     0  startup_stm32f10x_hd.o(.text)
    TIM8_TRG_COM_IRQHandler                  0x080001f7   Thumb Code     0  startup_stm32f10x_hd.o(.text)
    TIM8_UP_IRQHandler                       0x080001f7   Thumb Code     0  startup_stm32f10x_hd.o(.text)
    UART4_IRQHandler                         0x080001f7   Thumb Code     0  startup_stm32f10x_hd.o(.text)
    UART5_IRQHandler                         0x080001f7   Thumb Code     0  startup_stm32f10x_hd.o(.text)
    USART1_IRQHandler                        0x080001f7   Thumb Code     0  startup_stm32f10x_hd.o(.text)
    USART2_IRQHandler                        0x080001f7   Thumb Code     0  startup_stm32f10x_hd.o(.text)
    USART3_IRQHandler                        0x080001f7   Thumb Code     0  startup_stm32f10x_hd.o(.text)
    USBWakeUp_IRQHandler                     0x080001f7   Thumb Code     0  startup_stm32f10x_hd.o(.text)
    USB_HP_CAN1_TX_IRQHandler                0x080001f7   Thumb Code     0  startup_stm32f10x_hd.o(.text)
    USB_LP_CAN1_RX0_IRQHandler               0x080001f7   Thumb Code     0  startup_stm32f10x_hd.o(.text)
    WWDG_IRQHandler                          0x080001f7   Thumb Code     0  startup_stm32f10x_hd.o(.text)
    __aeabi_memcpy                           0x08000201   Thumb Code    36  memcpya.o(.text)
    __aeabi_memcpy4                          0x08000201   Thumb Code     0  memcpya.o(.text)
    __aeabi_memcpy8                          0x08000201   Thumb Code     0  memcpya.o(.text)
    __aeabi_memset                           0x08000225   Thumb Code    14  memseta.o(.text)
    __aeabi_memset4                          0x08000225   Thumb Code     0  memseta.o(.text)
    __aeabi_memset8                          0x08000225   Thumb Code     0  memseta.o(.text)
    __aeabi_memclr                           0x08000233   Thumb Code     4  memseta.o(.text)
    __aeabi_memclr4                          0x08000233   Thumb Code     0  memseta.o(.text)
    __aeabi_memclr8                          0x08000233   Thumb Code     0  memseta.o(.text)
    _memset$wrapper                          0x08000237   Thumb Code    18  memseta.o(.text)
    strlen                                   0x08000249   Thumb Code    14  strlen.o(.text)
    __0scanf                                 0x08000259   Thumb Code    26  __0scanf.o(.text)
    _scanf_string                            0x08000279   Thumb Code   224  _scanf_str.o(.text)
    __vfscanf_char_file                      0x08000359   Thumb Code    12  scanf_char_file.o(.text)
    __scatterload                            0x0800036d   Thumb Code    28  init.o(.text)
    __scatterload_rt2                        0x0800036d   Thumb Code     0  init.o(.text)
    _fgetc$bs                                0x08000391   Thumb Code    28  fgetc_b.o(.text)
    __backspace                              0x080003ad   Thumb Code    10  fgetc_b.o(.text)
    __vfscanf_char                           0x080003c9   Thumb Code    20  scanf_char.o(.text)
    __semihosting_library_function           0x080003e5   Thumb Code     0  semi.o(.text)
    isspace                                  0x080003e5   Thumb Code    10  isspace_c.o(.text)
    __vfscanf                                0x080003f1   Thumb Code   808  _scanf.o(.text)
    __I$use$semihosting$fgetc                0x0800071d   Thumb Code     0  iusesemig.o(.text)
    __ctype_lookup                           0x0800071d   Thumb Code    34  ctype_c.o(.text)
    Delay                                    0x08000745   Thumb Code    18  delay.o(i.Delay)
    GPIO_Init                                0x08000757   Thumb Code   278  stm32f10x_gpio.o(i.GPIO_Init)
    GPIO_ReadOutputDataBit                   0x0800086d   Thumb Code    18  stm32f10x_gpio.o(i.GPIO_ReadOutputDataBit)
    GPIO_ResetBits                           0x0800087f   Thumb Code     4  stm32f10x_gpio.o(i.GPIO_ResetBits)
    GPIO_SetBits                             0x08000883   Thumb Code     4  stm32f10x_gpio.o(i.GPIO_SetBits)
    LED_GPIO_Config                          0x08000889   Thumb Code    38  led.o(i.LED_GPIO_Config)
    RCC_APB2PeriphClockCmd                   0x080008b5   Thumb Code    26  stm32f10x_rcc.o(i.RCC_APB2PeriphClockCmd)
    RCC_GetClocksFreq                        0x080008d5   Thumb Code   192  stm32f10x_rcc.o(i.RCC_GetClocksFreq)
    SysTick_Handler                          0x08000a91   Thumb Code    14  cmsis_os2.o(i.SysTick_Handler)
    SystemCoreClockUpdate                    0x08000aa1   Thumb Code   142  system_stm32f10x.o(i.SystemCoreClockUpdate)
    SystemInit                               0x08000b45   Thumb Code    78  system_stm32f10x.o(i.SystemInit)
    USART1_Config                            0x08000ba5   Thumb Code   118  usart1.o(i.USART1_Config)
    USART_Cmd                                0x08000c25   Thumb Code    24  stm32f10x_usart.o(i.USART_Cmd)
    USART_GetFlagStatus                      0x08000c3d   Thumb Code    26  stm32f10x_usart.o(i.USART_GetFlagStatus)
    USART_Init                               0x08000c59   Thumb Code   210  stm32f10x_usart.o(i.USART_Init)
    USART_ReceiveData                        0x08000d31   Thumb Code    10  stm32f10x_usart.o(i.USART_ReceiveData)
    USART_SendData                           0x08000d3b   Thumb Code     8  stm32f10x_usart.o(i.USART_SendData)
    __0printf$bare                           0x08000d45   Thumb Code     8  printfb.o(i.__0printf$bare)
    __1printf$bare                           0x08000d45   Thumb Code     0  printfb.o(i.__0printf$bare)
    __2printf                                0x08000d45   Thumb Code     0  printfb.o(i.__0printf$bare)
    __scatterload_copy                       0x08000d67   Thumb Code    14  handlers.o(i.__scatterload_copy)
    __scatterload_null                       0x08000d75   Thumb Code     2  handlers.o(i.__scatterload_null)
    __scatterload_zeroinit                   0x08000d77   Thumb Code    14  handlers.o(i.__scatterload_zeroinit)
    fgetc                                    0x08000da9   Thumb Code    72  usart1.o(i.fgetc)
    fputc                                    0x08000df9   Thumb Code    40  usart1.o(i.fputc)
    led_toggle                               0x08000e29   Thumb Code    40  led.o(i.led_toggle)
    main                                     0x08000e51   Thumb Code    68  main.o(i.main)
    osKernelInitialize                       0x08000ef9   Thumb Code    58  cmsis_os2.o(i.osKernelInitialize)
    osKernelStart                            0x08000f39   Thumb Code    64  cmsis_os2.o(i.osKernelStart)
    osThreadNew                              0x08000f7d   Thumb Code   216  cmsis_os2.o(i.osThreadNew)
    pvPortMalloc                             0x0800192d   Thumb Code   188  heap_4.o(i.pvPortMalloc)
    pvTaskIncrementMutexHeldCount            0x080019fd   Thumb Code    26  tasks.o(i.pvTaskIncrementMutexHeldCount)
    pxPortInitialiseStack                    0x08001a1d   Thumb Code    30  port.o(i.pxPortInitialiseStack)
    uxListRemove                             0x08001a41   Thumb Code    40  list.o(i.uxListRemove)
    vApplicationGetIdleTaskMemory            0x08001a69   Thumb Code    14  cmsis_os2.o(i.vApplicationGetIdleTaskMemory)
    vApplicationGetTimerTaskMemory           0x08001a81   Thumb Code    14  cmsis_os2.o(i.vApplicationGetTimerTaskMemory)
    vApplicationStackOverflowHook            0x08001a99   Thumb Code     2  cmsis_os2.o(i.vApplicationStackOverflowHook)
    vListInitialise                          0x08001a9b   Thumb Code    26  list.o(i.vListInitialise)
    vListInitialiseItem                      0x08001ab5   Thumb Code     6  list.o(i.vListInitialiseItem)
    vListInsert                              0x08001abb   Thumb Code    52  list.o(i.vListInsert)
    vListInsertEnd                           0x08001aef   Thumb Code    24  list.o(i.vListInsertEnd)
    vPortEnterCritical                       0x08001b09   Thumb Code    30  port.o(i.vPortEnterCritical)
    vPortExitCritical                        0x08001b2d   Thumb Code    28  port.o(i.vPortExitCritical)
    vPortFree                                0x08001b4d   Thumb Code    64  heap_4.o(i.vPortFree)
    vPortSetupTimerInterrupt                 0x08001b95   Thumb Code    26  port.o(i.vPortSetupTimerInterrupt)
    vQueueWaitForMessageRestricted           0x08001bb5   Thumb Code    74  queue.o(i.vQueueWaitForMessageRestricted)
    vTaskDebugPort                           0x08001c01   Thumb Code    28  main.o(i.vTaskDebugPort)
    vTaskLedRed                              0x08001c25   Thumb Code    18  main.o(i.vTaskLedRed)
    vTaskMissedYield                         0x08001c41   Thumb Code     8  tasks.o(i.vTaskMissedYield)
    vTaskPlaceOnEventList                    0x08001c4d   Thumb Code    28  tasks.o(i.vTaskPlaceOnEventList)
    vTaskPlaceOnEventListRestricted          0x08001c6d   Thumb Code    36  tasks.o(i.vTaskPlaceOnEventListRestricted)
    vTaskPriorityInherit                     0x08001c95   Thumb Code   128  tasks.o(i.vTaskPriorityInherit)
    vTaskSetTimeOutState                     0x08001d21   Thumb Code    14  tasks.o(i.vTaskSetTimeOutState)
    vTaskStartScheduler                      0x08001d39   Thumb Code   120  tasks.o(i.vTaskStartScheduler)
    vTaskSuspendAll                          0x08001dcd   Thumb Code    12  tasks.o(i.vTaskSuspendAll)
    vTaskSwitchContext                       0x08001ddd   Thumb Code   154  tasks.o(i.vTaskSwitchContext)
    xPortStartScheduler                      0x08001e8d   Thumb Code    42  port.o(i.xPortStartScheduler)
    xPortSysTickHandler                      0x08001ec1   Thumb Code    46  port.o(i.xPortSysTickHandler)
    xQueueGenericCreateStatic                0x08001ef5   Thumb Code    46  queue.o(i.xQueueGenericCreateStatic)
    xQueueGenericReceive                     0x08001f25   Thumb Code   342  queue.o(i.xQueueGenericReceive)
    xQueueGenericReset                       0x08002081   Thumb Code   122  queue.o(i.xQueueGenericReset)
    xQueueGenericSend                        0x08002101   Thumb Code   276  queue.o(i.xQueueGenericSend)
    xQueueGenericSendFromISR                 0x08002219   Thumb Code   134  queue.o(i.xQueueGenericSendFromISR)
    xTaskCheckForTimeOut                     0x080022a1   Thumb Code    84  tasks.o(i.xTaskCheckForTimeOut)
    xTaskCreate                              0x080022fd   Thumb Code   100  tasks.o(i.xTaskCreate)
    xTaskCreateStatic                        0x08002361   Thumb Code    78  tasks.o(i.xTaskCreateStatic)
    xTaskGetSchedulerState                   0x080023b1   Thumb Code    24  tasks.o(i.xTaskGetSchedulerState)
    xTaskGetTickCount                        0x080023d1   Thumb Code     6  tasks.o(i.xTaskGetTickCount)
    xTaskIncrementTick                       0x080023dd   Thumb Code   236  tasks.o(i.xTaskIncrementTick)
    xTaskPriorityDisinherit                  0x080024f5   Thumb Code    86  tasks.o(i.xTaskPriorityDisinherit)
    xTaskRemoveFromEventList                 0x08002555   Thumb Code   102  tasks.o(i.xTaskRemoveFromEventList)
    xTaskResumeAll                           0x080025d5   Thumb Code   194  tasks.o(i.xTaskResumeAll)
    xTimerCreateTimerTask                    0x080026bd   Thumb Code    76  timers.o(i.xTimerCreateTimerTask)
    xTimerGenericCommand                     0x0800271d   Thumb Code   104  timers.o(i.xTimerGenericCommand)
    __ctype_categories                       0x08002788   Data          64  ctype_c.o(.constdata)
    Region$$Table$$Base                      0x080027c8   Number         0  anon$$obj.o(Region$$Table)
    Region$$Table$$Limit                     0x080027e8   Number         0  anon$$obj.o(Region$$Table)
    SystemCoreClock                          0x20000018   Data           4  system_stm32f10x.o(.data)
    AHBPrescTable                            0x2000001c   Data          16  system_stm32f10x.o(.data)
    pxCurrentTCB                             0x20000048   Data           4  tasks.o(.data)
    __stdin                                  0x20000098   Data           4  stdin.o(.data)
    __stdout                                 0x2000009c   Data           4  stdout.o(.data)
    str                                      0x200000a4   Data         512  main.o(.bss)
    __initial_sp                             0x20003028   Data           0  startup_stm32f10x_hd.o(STACK)



==============================================================================

Memory Map of the image

  Image Entry point : 0x08000131

  Load Region LR_IROM1 (Base: 0x08000000, Size: 0x0000288c, Max: 0x00080000, ABSOLUTE)

    Execution Region ER_IROM1 (Base: 0x08000000, Size: 0x000027e8, Max: 0x00080000, ABSOLUTE)

    Base Addr    Size         Type   Attr      Idx    E Section Name        Object

    0x08000000   0x00000130   Data   RO         1447    RESET               startup_stm32f10x_hd.o
    0x08000130   0x00000000   Code   RO         2598  * .ARM.Collect$$$$00000000  mc_w.l(entry.o)
    0x08000130   0x00000004   Code   RO         2873    .ARM.Collect$$$$00000001  mc_w.l(entry2.o)
    0x08000134   0x00000004   Code   RO         2876    .ARM.Collect$$$$00000004  mc_w.l(entry5.o)
    0x08000138   0x00000000   Code   RO         2878    .ARM.Collect$$$$00000008  mc_w.l(entry7b.o)
    0x08000138   0x00000000   Code   RO         2880    .ARM.Collect$$$$0000000A  mc_w.l(entry8b.o)
    0x08000138   0x00000008   Code   RO         2881    .ARM.Collect$$$$0000000B  mc_w.l(entry9a.o)
    0x08000140   0x00000000   Code   RO         2883    .ARM.Collect$$$$0000000D  mc_w.l(entry10a.o)
    0x08000140   0x00000000   Code   RO         2885    .ARM.Collect$$$$0000000F  mc_w.l(entry11a.o)
    0x08000140   0x00000004   Code   RO         2874    .ARM.Collect$$$$00002712  mc_w.l(entry2.o)
    0x08000144   0x00000096   Code   RO         1771    .emb_text           port.o
    0x080001da   0x00000002   PAD
    0x080001dc   0x00000024   Code   RO         1448    .text               startup_stm32f10x_hd.o
    0x08000200   0x00000024   Code   RO         2601    .text               mc_w.l(memcpya.o)
    0x08000224   0x00000024   Code   RO         2603    .text               mc_w.l(memseta.o)
    0x08000248   0x0000000e   Code   RO         2605    .text               mc_w.l(strlen.o)
    0x08000256   0x00000002   PAD
    0x08000258   0x00000020   Code   RO         2869    .text               mc_w.l(__0scanf.o)
    0x08000278   0x000000e0   Code   RO         2871    .text               mc_w.l(_scanf_str.o)
    0x08000358   0x00000014   Code   RO         2893    .text               mc_w.l(scanf_char_file.o)
    0x0800036c   0x00000024   Code   RO         2906    .text               mc_w.l(init.o)
    0x08000390   0x0000002c   Code   RO         2908    .text               mc_w.l(fgetc_b.o)
    0x080003bc   0x00000028   Code   RO         2917    .text               mc_w.l(scanf_char.o)
    0x080003e4   0x00000000   Code   RO         2921    .text               mc_w.l(semi.o)
    0x080003e4   0x0000000a   Code   RO         2922    .text               mc_w.l(isspace_c.o)
    0x080003ee   0x00000002   PAD
    0x080003f0   0x0000032c   Code   RO         2924    .text               mc_w.l(_scanf.o)
    0x0800071c   0x00000000   Code   RO         2926    .text               mc_w.l(iusesemig.o)
    0x0800071c   0x00000028   Code   RO         2927    .text               mc_w.l(ctype_c.o)
    0x08000744   0x00000012   Code   RO          118    i.Delay             delay.o
    0x08000756   0x00000116   Code   RO          924    i.GPIO_Init         stm32f10x_gpio.o
    0x0800086c   0x00000012   Code   RO          930    i.GPIO_ReadOutputDataBit  stm32f10x_gpio.o
    0x0800087e   0x00000004   Code   RO          931    i.GPIO_ResetBits    stm32f10x_gpio.o
    0x08000882   0x00000004   Code   RO          932    i.GPIO_SetBits      stm32f10x_gpio.o
    0x08000886   0x00000002   PAD
    0x08000888   0x0000002c   Code   RO          142    i.LED_GPIO_Config   led.o
    0x080008b4   0x00000020   Code   RO         1048    i.RCC_APB2PeriphClockCmd  stm32f10x_rcc.o
    0x080008d4   0x000000d4   Code   RO         1056    i.RCC_GetClocksFreq  stm32f10x_rcc.o
    0x080009a8   0x00000008   Code   RO         1455    i.SetSysClock       system_stm32f10x.o
    0x080009b0   0x000000e0   Code   RO         1456    i.SetSysClockTo72   system_stm32f10x.o
    0x08000a90   0x0000000e   Code   RO          235    i.SysTick_Handler   cmsis_os2.o
    0x08000a9e   0x00000002   PAD
    0x08000aa0   0x000000a4   Code   RO         1457    i.SystemCoreClockUpdate  system_stm32f10x.o
    0x08000b44   0x00000060   Code   RO         1458    i.SystemInit        system_stm32f10x.o
    0x08000ba4   0x00000080   Code   RO          172    i.USART1_Config     usart1.o
    0x08000c24   0x00000018   Code   RO         1260    i.USART_Cmd         stm32f10x_usart.o
    0x08000c3c   0x0000001a   Code   RO         1263    i.USART_GetFlagStatus  stm32f10x_usart.o
    0x08000c56   0x00000002   PAD
    0x08000c58   0x000000d8   Code   RO         1267    i.USART_Init        stm32f10x_usart.o
    0x08000d30   0x0000000a   Code   RO         1274    i.USART_ReceiveData  stm32f10x_usart.o
    0x08000d3a   0x00000008   Code   RO         1277    i.USART_SendData    stm32f10x_usart.o
    0x08000d42   0x00000002   PAD
    0x08000d44   0x00000010   Code   RO         2610    i.__0printf$bare    mc_w.l(printfb.o)
    0x08000d54   0x00000006   Code   RO          237    i.__get_BASEPRI     cmsis_os2.o
    0x08000d5a   0x00000006   Code   RO          238    i.__get_IPSR        cmsis_os2.o
    0x08000d60   0x00000006   Code   RO          239    i.__get_PRIMASK     cmsis_os2.o
    0x08000d66   0x0000000e   Code   RO         2932    i.__scatterload_copy  mc_w.l(handlers.o)
    0x08000d74   0x00000002   Code   RO         2933    i.__scatterload_null  mc_w.l(handlers.o)
    0x08000d76   0x0000000e   Code   RO         2934    i.__scatterload_zeroinit  mc_w.l(handlers.o)
    0x08000d84   0x00000022   Code   RO         2617    i._printf_core      mc_w.l(printfb.o)
    0x08000da6   0x00000002   PAD
    0x08000da8   0x00000050   Code   RO          173    i.fgetc             usart1.o
    0x08000df8   0x00000030   Code   RO          174    i.fputc             usart1.o
    0x08000e28   0x00000028   Code   RO          143    i.led_toggle        led.o
    0x08000e50   0x000000a8   Code   RO            4    i.main              main.o
    0x08000ef8   0x00000040   Code   RO          254    i.osKernelInitialize  cmsis_os2.o
    0x08000f38   0x00000044   Code   RO          257    i.osKernelStart     cmsis_os2.o
    0x08000f7c   0x000000dc   Code   RO          290    i.osThreadNew       cmsis_os2.o
    0x08001058   0x0000007c   Code   RO         2071    i.prvAddCurrentTaskToDelayedList  tasks.o
    0x080010d4   0x000000b8   Code   RO         2072    i.prvAddNewTaskToReadyList  tasks.o
    0x0800118c   0x0000005c   Code   RO         2432    i.prvCheckForValidListAndQueue  timers.o
    0x080011e8   0x00000064   Code   RO         2073    i.prvCheckTasksWaitingTermination  tasks.o
    0x0800124c   0x0000002a   Code   RO         1860    i.prvCopyDataFromQueue  queue.o
    0x08001276   0x0000007c   Code   RO         1861    i.prvCopyDataToQueue  queue.o
    0x080012f2   0x00000028   Code   RO         2074    i.prvDeleteTCB      tasks.o
    0x0800131a   0x00000002   PAD
    0x0800131c   0x00000028   Code   RO         2433    i.prvGetNextExpireTime  timers.o
    0x08001344   0x0000007c   Code   RO         1710    i.prvHeapInit       heap_4.o
    0x080013c0   0x00000028   Code   RO         2075    i.prvIdleTask       tasks.o
    0x080013e8   0x0000002a   Code   RO         1863    i.prvInitialiseNewQueue  queue.o
    0x08001412   0x00000090   Code   RO         2076    i.prvInitialiseNewTask  tasks.o
    0x080014a2   0x00000002   PAD
    0x080014a4   0x00000068   Code   RO         2077    i.prvInitialiseTaskLists  tasks.o
    0x0800150c   0x00000068   Code   RO         1711    i.prvInsertBlockIntoFreeList  heap_4.o
    0x08001574   0x00000058   Code   RO         2435    i.prvInsertTimerInActiveList  timers.o
    0x080015cc   0x0000001a   Code   RO         1864    i.prvIsQueueEmpty   queue.o
    0x080015e6   0x0000001e   Code   RO         1865    i.prvIsQueueFull    queue.o
    0x08001604   0x0000004c   Code   RO         2436    i.prvProcessExpiredTimer  timers.o
    0x08001650   0x000000d4   Code   RO         2437    i.prvProcessReceivedCommands  timers.o
    0x08001724   0x00000074   Code   RO         2438    i.prvProcessTimerOrBlockTask  timers.o
    0x08001798   0x00000034   Code   RO         2079    i.prvResetNextTaskUnblockTime  tasks.o
    0x080017cc   0x0000002c   Code   RO         2439    i.prvSampleTimeNow  timers.o
    0x080017f8   0x00000084   Code   RO         2440    i.prvSwitchTimerLists  timers.o
    0x0800187c   0x00000016   Code   RO         1772    i.prvTaskExitError  port.o
    0x08001892   0x0000001a   Code   RO         2441    i.prvTimerTask      timers.o
    0x080018ac   0x0000007e   Code   RO         1866    i.prvUnlockQueue    queue.o
    0x0800192a   0x00000002   PAD
    0x0800192c   0x000000d0   Code   RO         1712    i.pvPortMalloc      heap_4.o
    0x080019fc   0x00000020   Code   RO         2082    i.pvTaskIncrementMutexHeldCount  tasks.o
    0x08001a1c   0x00000024   Code   RO         1773    i.pxPortInitialiseStack  port.o
    0x08001a40   0x00000028   Code   RO         1662    i.uxListRemove      list.o
    0x08001a68   0x00000018   Code   RO          302    i.vApplicationGetIdleTaskMemory  cmsis_os2.o
    0x08001a80   0x00000018   Code   RO          303    i.vApplicationGetTimerTaskMemory  cmsis_os2.o
    0x08001a98   0x00000002   Code   RO          304    i.vApplicationStackOverflowHook  cmsis_os2.o
    0x08001a9a   0x0000001a   Code   RO         1663    i.vListInitialise   list.o
    0x08001ab4   0x00000006   Code   RO         1664    i.vListInitialiseItem  list.o
    0x08001aba   0x00000034   Code   RO         1665    i.vListInsert       list.o
    0x08001aee   0x00000018   Code   RO         1666    i.vListInsertEnd    list.o
    0x08001b06   0x00000002   PAD
    0x08001b08   0x00000024   Code   RO         1775    i.vPortEnterCritical  port.o
    0x08001b2c   0x00000020   Code   RO         1776    i.vPortExitCritical  port.o
    0x08001b4c   0x00000048   Code   RO         1713    i.vPortFree         heap_4.o
    0x08001b94   0x00000020   Code   RO         1777    i.vPortSetupTimerInterrupt  port.o
    0x08001bb4   0x0000004a   Code   RO         1874    i.vQueueWaitForMessageRestricted  queue.o
    0x08001bfe   0x00000002   PAD
    0x08001c00   0x00000024   Code   RO            5    i.vTaskDebugPort    main.o
    0x08001c24   0x0000001c   Code   RO            6    i.vTaskLedRed       main.o
    0x08001c40   0x0000000c   Code   RO         2096    i.vTaskMissedYield  tasks.o
    0x08001c4c   0x00000020   Code   RO         2098    i.vTaskPlaceOnEventList  tasks.o
    0x08001c6c   0x00000028   Code   RO         2099    i.vTaskPlaceOnEventListRestricted  tasks.o
    0x08001c94   0x0000008c   Code   RO         2101    i.vTaskPriorityInherit  tasks.o
    0x08001d20   0x00000018   Code   RO         2105    i.vTaskSetTimeOutState  tasks.o
    0x08001d38   0x00000094   Code   RO         2106    i.vTaskStartScheduler  tasks.o
    0x08001dcc   0x00000010   Code   RO         2108    i.vTaskSuspendAll   tasks.o
    0x08001ddc   0x000000b0   Code   RO         2109    i.vTaskSwitchContext  tasks.o
    0x08001e8c   0x00000034   Code   RO         1778    i.xPortStartScheduler  port.o
    0x08001ec0   0x00000034   Code   RO         1779    i.xPortSysTickHandler  port.o
    0x08001ef4   0x0000002e   Code   RO         1880    i.xQueueGenericCreateStatic  queue.o
    0x08001f22   0x00000002   PAD
    0x08001f24   0x0000015c   Code   RO         1881    i.xQueueGenericReceive  queue.o
    0x08002080   0x00000080   Code   RO         1882    i.xQueueGenericReset  queue.o
    0x08002100   0x00000118   Code   RO         1883    i.xQueueGenericSend  queue.o
    0x08002218   0x00000086   Code   RO         1884    i.xQueueGenericSendFromISR  queue.o
    0x0800229e   0x00000002   PAD
    0x080022a0   0x0000005c   Code   RO         2110    i.xTaskCheckForTimeOut  tasks.o
    0x080022fc   0x00000064   Code   RO         2111    i.xTaskCreate       tasks.o
    0x08002360   0x0000004e   Code   RO         2112    i.xTaskCreateStatic  tasks.o
    0x080023ae   0x00000002   PAD
    0x080023b0   0x00000020   Code   RO         2116    i.xTaskGetSchedulerState  tasks.o
    0x080023d0   0x0000000c   Code   RO         2117    i.xTaskGetTickCount  tasks.o
    0x080023dc   0x00000118   Code   RO         2119    i.xTaskIncrementTick  tasks.o
    0x080024f4   0x00000060   Code   RO         2122    i.xTaskPriorityDisinherit  tasks.o
    0x08002554   0x00000080   Code   RO         2123    i.xTaskRemoveFromEventList  tasks.o
    0x080025d4   0x000000e8   Code   RO         2125    i.xTaskResumeAll    tasks.o
    0x080026bc   0x00000060   Code   RO         2446    i.xTimerCreateTimerTask  timers.o
    0x0800271c   0x0000006c   Code   RO         2447    i.xTimerGenericCommand  timers.o
    0x08002788   0x00000040   Data   RO         2928    .constdata          mc_w.l(ctype_c.o)
    0x080027c8   0x00000020   Data   RO         2930    Region$$Table       anon$$obj.o


    Execution Region RW_IRAM1 (Base: 0x20000000, Size: 0x00003028, Max: 0x00010000, ABSOLUTE)

    Base Addr    Size         Type   Attr      Idx    E Section Name        Object

    0x20000000   0x00000004   Data   RW          306    .data               cmsis_os2.o
    0x20000004   0x00000014   Data   RW         1076    .data               stm32f10x_rcc.o
    0x20000018   0x00000014   Data   RW         1459    .data               system_stm32f10x.o
    0x2000002c   0x00000018   Data   RW         1718    .data               heap_4.o
    0x20000044   0x00000004   Data   RW         1780    .data               port.o
    0x20000048   0x0000003c   Data   RW         2128    .data               tasks.o
    0x20000084   0x00000014   Data   RW         2455    .data               timers.o
    0x20000098   0x00000004   Data   RW         2887    .data               mc_w.l(stdin.o)
    0x2000009c   0x00000004   Data   RW         2888    .data               mc_w.l(stdout.o)
    0x200000a0   0x00000003   Data   RW         2909    .data               mc_w.l(fgetc_b.o)
    0x200000a3   0x00000001   PAD
    0x200000a4   0x00000200   Zero   RW            7    .bss                main.o
    0x200002a4   0x000003f8   Zero   RW          305    .bss                cmsis_os2.o
    0x2000069c   0x00002000   Zero   RW         1717    .bss                heap_4.o
    0x2000269c   0x000004c4   Zero   RW         2127    .bss                tasks.o
    0x20002b60   0x000000c8   Zero   RW         2454    .bss                timers.o
    0x20002c28   0x00000400   Zero   RW         1445    STACK               startup_stm32f10x_hd.o


==============================================================================

Image component sizes


      Code (inc. data)   RO Data    RW Data    ZI Data      Debug   Object Name

         0          0          0          0          0       3724   clib_arm.o
       434         34          0          4       1016      33846   cmsis_os2.o
        18          0          0          0          0        784   delay.o
         0          0          0          0          0      16240   event_groups.o
         0          0          0          0          0      14736   freertos_evr.o
       508         62          0         24       8192       4071   heap_4.o
        84          6          0          0          0       1419   led.o
       148          0          0          0          0       3374   list.o
       232        118          0          0        512     235288   main.o
       412         50          0          4          0       9216   port.o
      1400         16          0          0          0      11748   queue.o
        36          8        304          0       1024        860   startup_stm32f10x_hd.o
       304          0          0          0          0       4037   stm32f10x_gpio.o
       244         26          0         20          0       4117   stm32f10x_rcc.o
       284          6          0          0          0       5000   stm32f10x_usart.o
       492         50          0         20          0       3193   system_stm32f10x.o
      2458        354          0         60       1220      21696   tasks.o
      1030        114          0         20        200       9271   timers.o
       256         26          0          0          0       1840   usart1.o

    ----------------------------------------------------------------------
      8366        870        336        152      12164     384460   Object Totals
         0          0         32          0          0          0   (incl. Generated)
        26          0          0          0          0          0   (incl. Padding)

    ----------------------------------------------------------------------

      Code (inc. data)   RO Data    RW Data    ZI Data      Debug   Library Member Name

        32          6          0          0          0         84   __0scanf.o
       812          4          0          0          0        112   _scanf.o
       224          0          0          0          0         96   _scanf_str.o
        40          6         64          0          0         68   ctype_c.o
         0          0          0          0          0          0   entry.o
         0          0          0          0          0          0   entry10a.o
         0          0          0          0          0          0   entry11a.o
         8          4          0          0          0          0   entry2.o
         4          0          0          0          0          0   entry5.o
         0          0          0          0          0          0   entry7b.o
         0          0          0          0          0          0   entry8b.o
         8          4          0          0          0          0   entry9a.o
        44          6          0          3          0        144   fgetc_b.o
        30          0          0          0          0          0   handlers.o
        36          8          0          0          0         68   init.o
        10          0          0          0          0         68   isspace_c.o
         0          0          0          0          0          0   iusesemig.o
        36          0          0          0          0         68   memcpya.o
        36          0          0          0          0        108   memseta.o
        50          8          0          0          0        152   printfb.o
        40          8          0          0          0         84   scanf_char.o
        20          8          0          0          0         68   scanf_char_file.o
         0          0          0          0          0          0   semi.o
         0          0          0          4          0          0   stdin.o
         0          0          0          4          0          0   stdout.o
        14          0          0          0          0         68   strlen.o

    ----------------------------------------------------------------------
      1450         62         64         12          0       1188   Library Totals
         6          0          0          1          0          0   (incl. Padding)

    ----------------------------------------------------------------------

      Code (inc. data)   RO Data    RW Data    ZI Data      Debug   Library Name

      1444         62         64         11          0       1188   mc_w.l

    ----------------------------------------------------------------------
      1450         62         64         12          0       1188   Library Totals

    ----------------------------------------------------------------------

==============================================================================


      Code (inc. data)   RO Data    RW Data    ZI Data      Debug   

      9816        932        400        164      12164     380184   Grand Totals
      9816        932        400        164      12164     380184   ELF Image Totals
      9816        932        400        164          0          0   ROM Totals

==============================================================================

    Total RO  Size (Code + RO Data)                10216 (   9.98kB)
    Total RW  Size (RW Data + ZI Data)             12328 (  12.04kB)
    Total ROM Size (Code + RO Data + RW Data)      10380 (  10.14kB)

==============================================================================

